
===========================================================================
 report_power
============================================================================
======================= nom_tt_025C_1v80 Corner ===================================

Group                    Internal    Switching      Leakage        Total
                            Power        Power        Power        Power (Watts)
------------------------------------------------------------------------
Sequential           2.200940e-04 1.711335e-05 1.828808e-09 2.372091e-04  50.7%
Combinational        3.176795e-05 2.691005e-05 1.955203e-09 5.867995e-05  12.5%
Clock                8.892447e-05 8.290915e-05 1.479952e-09 1.718351e-04  36.7%
Macro                0.000000e+00 0.000000e+00 0.000000e+00 0.000000e+00   0.0%
Pad                  0.000000e+00 0.000000e+00 0.000000e+00 0.000000e+00   0.0%
------------------------------------------------------------------------
Total                3.407864e-04 1.269325e-04 5.263966e-09 4.677241e-04 100.0%
                            72.9%        27.1%         0.0%

