
===========================================================================
 report_power
============================================================================
======================= max_tt_025C_1v80 Corner ===================================

Group                    Internal    Switching      Leakage        Total
                            Power        Power        Power        Power (Watts)
------------------------------------------------------------------------
Sequential           2.200578e-04 1.756511e-05 1.828808e-09 2.376248e-04  50.4%
Combinational        3.178195e-05 2.768990e-05 1.955203e-09 5.947380e-05  12.6%
Clock                8.896762e-05 8.520430e-05 1.479952e-09 1.741734e-04  37.0%
Macro                0.000000e+00 0.000000e+00 0.000000e+00 0.000000e+00   0.0%
Pad                  0.000000e+00 0.000000e+00 0.000000e+00 0.000000e+00   0.0%
------------------------------------------------------------------------
Total                3.408073e-04 1.304593e-04 5.263966e-09 4.712719e-04 100.0%
                            72.3%        27.7%         0.0%

