
===========================================================================
 report_power
============================================================================
======================= nom_ff_n40C_1v95 Corner ===================================

Group                    Internal    Switching      Leakage        Total
                            Power        Power        Power        Power (Watts)
------------------------------------------------------------------------
Sequential           2.556801e-04 2.041300e-05 2.268588e-09 2.760954e-04  50.7%
Combinational        3.558778e-05 3.187374e-05 3.711040e-09 6.746523e-05  12.4%
Clock                1.014940e-04 9.901593e-05 2.293096e-09 2.005122e-04  36.9%
Macro                0.000000e+00 0.000000e+00 0.000000e+00 0.000000e+00   0.0%
Pad                  0.000000e+00 0.000000e+00 0.000000e+00 0.000000e+00   0.0%
------------------------------------------------------------------------
Total                3.927620e-04 1.513027e-04 8.272713e-09 5.440729e-04 100.0%
                            72.2%        27.8%         0.0%

