                                                                        Cells by Master                                                                         
┏━━━━━━━━━━━━━━━━━━━━━━━━━━━━━━━━━━━━━━━━━━━━━━━━━━━━━━━━━━━━━━━━━━━━━━━━━━━━━━━━━━━━━━━━━━━━━━━━━━━━━━━━━━━━━━━━━━━━━━━━━━━━━━━━━━┳━━━━━━━━━━━━━━━━━━━━━━━━━━━┓
┃ Cell                                                                                                                             ┃ Count                     ┃
┡━━━━━━━━━━━━━━━━━━━━━━━━━━━━━━━━━━━━━━━━━━━━━━━━━━━━━━━━━━━━━━━━━━━━━━━━━━━━━━━━━━━━━━━━━━━━━━━━━━━━━━━━━━━━━━━━━━━━━━━━━━━━━━━━━━╇━━━━━━━━━━━━━━━━━━━━━━━━━━━┩
│ sky130_ef_sc_hd__decap_12                                                                                                        │ 240                       │
│ sky130_fd_sc_hd__a211o_1                                                                                                         │ 1                         │
│ sky130_fd_sc_hd__a211oi_1                                                                                                        │ 1                         │
│ sky130_fd_sc_hd__a21bo_1                                                                                                         │ 1                         │
│ sky130_fd_sc_hd__a21boi_1                                                                                                        │ 1                         │
│ sky130_fd_sc_hd__a21o_1                                                                                                          │ 41                        │
│ sky130_fd_sc_hd__a21oi_1                                                                                                         │ 3                         │
│ sky130_fd_sc_hd__a22o_1                                                                                                          │ 32                        │
│ sky130_fd_sc_hd__a22oi_1                                                                                                         │ 1                         │
│ sky130_fd_sc_hd__a2bb2o_1                                                                                                        │ 2                         │
│ sky130_fd_sc_hd__a31o_1                                                                                                          │ 2                         │
│ sky130_fd_sc_hd__a32o_1                                                                                                          │ 3                         │
│ sky130_fd_sc_hd__and2_1                                                                                                          │ 15                        │
│ sky130_fd_sc_hd__and2b_1                                                                                                         │ 3                         │
│ sky130_fd_sc_hd__and3_1                                                                                                          │ 5                         │
│ sky130_fd_sc_hd__and3b_1                                                                                                         │ 3                         │
│ sky130_fd_sc_hd__and4_1                                                                                                          │ 1                         │
│ sky130_fd_sc_hd__and4b_1                                                                                                         │ 1                         │
│ sky130_fd_sc_hd__and4b_2                                                                                                         │ 1                         │
│ sky130_fd_sc_hd__buf_1                                                                                                           │ 2                         │
│ sky130_fd_sc_hd__buf_2                                                                                                           │ 31                        │
│ sky130_fd_sc_hd__clkbuf_1                                                                                                        │ 3                         │
│ sky130_fd_sc_hd__clkbuf_16                                                                                                       │ 9                         │
│ sky130_fd_sc_hd__clkbuf_2                                                                                                        │ 9                         │
│ sky130_fd_sc_hd__clkbuf_4                                                                                                        │ 19                        │
│ sky130_fd_sc_hd__clkinv_4                                                                                                        │ 1                         │
│ sky130_fd_sc_hd__conb_1                                                                                                          │ 24                        │
│ sky130_fd_sc_hd__decap_3                                                                                                         │ 168                       │
│ sky130_fd_sc_hd__decap_4                                                                                                         │ 84                        │
│ sky130_fd_sc_hd__decap_6                                                                                                         │ 66                        │
│ sky130_fd_sc_hd__decap_8                                                                                                         │ 93                        │
│ sky130_fd_sc_hd__dfrtp_1                                                                                                         │ 130                       │
│ sky130_fd_sc_hd__dfrtp_2                                                                                                         │ 6                         │
│ sky130_fd_sc_hd__dfrtp_4                                                                                                         │ 1                         │
│ sky130_fd_sc_hd__dfstp_1                                                                                                         │ 1                         │
│ sky130_fd_sc_hd__dlygate4sd3_1                                                                                                   │ 50                        │
│ sky130_fd_sc_hd__dlymetal6s2s_1                                                                                                  │ 2                         │
│ sky130_fd_sc_hd__ebufn_8                                                                                                         │ 1                         │
│ sky130_fd_sc_hd__fill_1                                                                                                          │ 174                       │
│ sky130_fd_sc_hd__fill_2                                                                                                          │ 91                        │
│ sky130_fd_sc_hd__inv_2                                                                                                           │ 18                        │
│ sky130_fd_sc_hd__inv_6                                                                                                           │ 2                         │
│ sky130_fd_sc_hd__inv_8                                                                                                           │ 4                         │
│ sky130_fd_sc_hd__mux2_1                                                                                                          │ 41                        │
│ sky130_fd_sc_hd__mux2_2                                                                                                          │ 1                         │
│ sky130_fd_sc_hd__nand2_1                                                                                                         │ 8                         │
│ sky130_fd_sc_hd__nand2b_1                                                                                                        │ 2                         │
│ sky130_fd_sc_hd__nand2b_2                                                                                                        │ 1                         │
│ sky130_fd_sc_hd__nand3_1                                                                                                         │ 1                         │
│ sky130_fd_sc_hd__nor2_1                                                                                                          │ 5                         │
│ sky130_fd_sc_hd__nor2_2                                                                                                          │ 1                         │
│ sky130_fd_sc_hd__nor2_4                                                                                                          │ 1                         │
│ sky130_fd_sc_hd__nor3_1                                                                                                          │ 1                         │
│ sky130_fd_sc_hd__nor3b_2                                                                                                         │ 1                         │
│ sky130_fd_sc_hd__o211a_1                                                                                                         │ 12                        │
│ sky130_fd_sc_hd__o21a_1                                                                                                          │ 13                        │
│ sky130_fd_sc_hd__o21ai_1                                                                                                         │ 3                         │
│ sky130_fd_sc_hd__o21ba_1                                                                                                         │ 1                         │
│ sky130_fd_sc_hd__o21bai_4                                                                                                        │ 1                         │
│ sky130_fd_sc_hd__o221a_1                                                                                                         │ 1                         │
│ sky130_fd_sc_hd__o22a_1                                                                                                          │ 13                        │
│ sky130_fd_sc_hd__o311a_1                                                                                                         │ 1                         │
│ sky130_fd_sc_hd__o31ai_1                                                                                                         │ 1                         │
│ sky130_fd_sc_hd__or2_1                                                                                                           │ 8                         │
│ sky130_fd_sc_hd__or2_2                                                                                                           │ 1                         │
│ sky130_fd_sc_hd__or3b_1                                                                                                          │ 3                         │
│ sky130_fd_sc_hd__or4_1                                                                                                           │ 12                        │
│ sky130_fd_sc_hd__or4b_1                                                                                                          │ 4                         │
│ sky130_fd_sc_hd__or4b_2                                                                                                          │ 1                         │
│ sky130_fd_sc_hd__tapvpwrvgnd_1                                                                                                   │ 180                       │
│ sky130_fd_sc_hd__xnor2_1                                                                                                         │ 1                         │
└──────────────────────────────────────────────────────────────────────────────────────────────────────────────────────────────────┴───────────────────────────┘
