
===========================================================================
report_checks -unconstrained
===========================================================================
======================= nom_tt_025C_1v80 Corner ===================================

Startpoint: reset_ (input port clocked by sys_clk)
Endpoint: _569_ (recovery check against rising-edge clock sys_clk)
Path Group: asynchronous
Path Type: max

Fanout         Cap        Slew       Delay        Time   Description
---------------------------------------------------------------------------------------------
                                  0.000000    0.000000   clock sys_clk (rise edge)
                                  0.000000    0.000000   clock network delay (propagated)
                                 20.000000   20.000000 ^ input external delay
   101    0.430867    1.917969    1.326477   21.326477 ^ reset_ (in)
                                                         reset_ (net)
                      1.918075    0.000000   21.326477 ^ _569_/RESET_B (sky130_fd_sc_hd__dfrtp_2)
                                             21.326477   data arrival time

                                100.000000  100.000000   clock sys_clk (rise edge)
                                  0.000000  100.000000   clock source latency
   100    0.257086    1.147858    0.791026  100.791023 ^ sys_clk (in)
                                                         sys_clk (net)
                      1.147871    0.000000  100.791023 ^ _569_/CLK (sky130_fd_sc_hd__dfrtp_2)
                                 -0.250000  100.541023   clock uncertainty
                                  0.000000  100.541023   clock reconvergence pessimism
                                 -0.098990  100.442032   library recovery time
                                            100.442032   data required time
---------------------------------------------------------------------------------------------
                                            100.442032   data required time
                                            -21.326477   data arrival time
---------------------------------------------------------------------------------------------
                                             79.115555   slack (MET)


Startpoint: cs (input port clocked by sys_clk)
Endpoint: miso (output port clocked by sys_clk)
Path Group: sys_clk
Path Type: max

Fanout         Cap        Slew       Delay        Time   Description
---------------------------------------------------------------------------------------------
                                  0.000000    0.000000   clock sys_clk (rise edge)
                                  0.000000    0.000000   clock network delay (propagated)
                                 20.000000   20.000000 v input external delay
     3    0.008927    0.022159    0.014470   20.014471 v cs (in)
                                                         cs (net)
                      0.022159    0.000000   20.014471 v _554_/A (sky130_fd_sc_hd__buf_1)
     1    0.004183    0.034817    0.084158   20.098629 v _554_/X (sky130_fd_sc_hd__buf_1)
                                                         _281_ (net)
                      0.034817    0.000007   20.098637 v _720_/TE_B (sky130_fd_sc_hd__ebufn_2)
     1    0.040894    0.484143    0.390299   20.488935 ^ _720_/Z (sky130_fd_sc_hd__ebufn_2)
                                                         miso (net)
                      0.484143    0.000799   20.489735 ^ miso (out)
                                             20.489735   data arrival time

                                100.000000  100.000000   clock sys_clk (rise edge)
                                  0.000000  100.000000   clock network delay (propagated)
                                 -0.250000   99.750000   clock uncertainty
                                  0.000000   99.750000   clock reconvergence pessimism
                                -20.000000   79.750000   output external delay
                                             79.750000   data required time
---------------------------------------------------------------------------------------------
                                             79.750000   data required time
                                            -20.489735   data arrival time
---------------------------------------------------------------------------------------------
                                             59.260262   slack (MET)




===========================================================================
report_checks --slack_max -0.01
============================================================================
======================= nom_tt_025C_1v80 Corner ===================================

No paths found.


===========================================================================
 report_check_types -max_slew -max_cap -max_fanout -violators
============================================================================
======================= nom_tt_025C_1v80 Corner ===================================

max slew

Pin                                        Limit        Slew       Slack
------------------------------------------------------------------------
_569_/RESET_B                           0.750000    1.918075   -1.168075 (VIOLATED)
_564_/RESET_B                           0.750000    1.918073   -1.168073 (VIOLATED)
_570_/RESET_B                           0.750000    1.918074   -1.168074 (VIOLATED)
_572_/RESET_B                           0.750000    1.918074   -1.168074 (VIOLATED)
_609_/RESET_B                           0.750000    1.918072   -1.168072 (VIOLATED)
_576_/RESET_B                           0.750000    1.918071   -1.168071 (VIOLATED)
_578_/RESET_B                           0.750000    1.918071   -1.168071 (VIOLATED)
_601_/RESET_B                           0.750000    1.918070   -1.168070 (VIOLATED)
_571_/RESET_B                           0.750000    1.918069   -1.168069 (VIOLATED)
_602_/RESET_B                           0.750000    1.918070   -1.168070 (VIOLATED)
_608_/RESET_B                           0.750000    1.918070   -1.168070 (VIOLATED)
_686_/RESET_B                           0.750000    1.918069   -1.168070 (VIOLATED)
_603_/RESET_B                           0.750000    1.918068   -1.168068 (VIOLATED)
_607_/RESET_B                           0.750000    1.918068   -1.168068 (VIOLATED)
_689_/RESET_B                           0.750000    1.918069   -1.168069 (VIOLATED)
_604_/RESET_B                           0.750000    1.918066   -1.168066 (VIOLATED)
_606_/RESET_B                           0.750000    1.918066   -1.168066 (VIOLATED)
_605_/RESET_B                           0.750000    1.918064   -1.168064 (VIOLATED)
_573_/RESET_B                           0.750000    1.918057   -1.168057 (VIOLATED)
_588_/RESET_B                           0.750000    1.918053   -1.168053 (VIOLATED)
_687_/RESET_B                           0.750000    1.918053   -1.168053 (VIOLATED)
_688_/RESET_B                           0.750000    1.918053   -1.168053 (VIOLATED)
_685_/RESET_B                           0.750000    1.918049   -1.168049 (VIOLATED)
_575_/RESET_B                           0.750000    1.918041   -1.168041 (VIOLATED)
_577_/RESET_B                           0.750000    1.918041   -1.168041 (VIOLATED)
_579_/RESET_B                           0.750000    1.918040   -1.168041 (VIOLATED)
_590_/RESET_B                           0.750000    1.918041   -1.168041 (VIOLATED)
_304_/B                                 0.750000    1.918039   -1.168039 (VIOLATED)
_580_/RESET_B                           0.750000    1.918040   -1.168040 (VIOLATED)
_589_/RESET_B                           0.750000    1.918039   -1.168039 (VIOLATED)
_598_/RESET_B                           0.750000    1.918040   -1.168040 (VIOLATED)
_599_/RESET_B                           0.750000    1.918041   -1.168041 (VIOLATED)
_600_/RESET_B                           0.750000    1.918041   -1.168041 (VIOLATED)
_690_/RESET_B                           0.750000    1.918039   -1.168039 (VIOLATED)
_574_/RESET_B                           0.750000    1.918038   -1.168038 (VIOLATED)
_612_/RESET_B                           0.750000    1.918039   -1.168039 (VIOLATED)
_691_/RESET_B                           0.750000    1.918039   -1.168039 (VIOLATED)
_591_/RESET_B                           0.750000    1.918037   -1.168037 (VIOLATED)
_614_/RESET_B                           0.750000    1.918035   -1.168035 (VIOLATED)
_587_/RESET_B                           0.750000    1.918033   -1.168033 (VIOLATED)
_613_/SET_B                             0.750000    1.918033   -1.168033 (VIOLATED)
_581_/RESET_B                           0.750000    1.918030   -1.168030 (VIOLATED)
_582_/RESET_B                           0.750000    1.918026   -1.168026 (VIOLATED)
_565_/RESET_B                           0.750000    1.918025   -1.168025 (VIOLATED)
_566_/RESET_B                           0.750000    1.918025   -1.168025 (VIOLATED)
_567_/RESET_B                           0.750000    1.918025   -1.168025 (VIOLATED)
_568_/RESET_B                           0.750000    1.918025   -1.168025 (VIOLATED)
_593_/RESET_B                           0.750000    1.918026   -1.168026 (VIOLATED)
_561_/RESET_B                           0.750000    1.918023   -1.168023 (VIOLATED)
_562_/RESET_B                           0.750000    1.918023   -1.168023 (VIOLATED)
_584_/RESET_B                           0.750000    1.918024   -1.168024 (VIOLATED)
_560_/RESET_B                           0.750000    1.918021   -1.168021 (VIOLATED)
_559_/RESET_B                           0.750000    1.918020   -1.168020 (VIOLATED)
_563_/RESET_B                           0.750000    1.918019   -1.168019 (VIOLATED)
_597_/RESET_B                           0.750000    1.918018   -1.168018 (VIOLATED)
_647_/RESET_B                           0.750000    1.918019   -1.168019 (VIOLATED)
_583_/RESET_B                           0.750000    1.918016   -1.168017 (VIOLATED)
_585_/RESET_B                           0.750000    1.918016   -1.168016 (VIOLATED)
_586_/RESET_B                           0.750000    1.918016   -1.168016 (VIOLATED)
_592_/RESET_B                           0.750000    1.918016   -1.168016 (VIOLATED)
_596_/RESET_B                           0.750000    1.918015   -1.168015 (VIOLATED)
_557_/RESET_B                           0.750000    1.918013   -1.168013 (VIOLATED)
_558_/RESET_B                           0.750000    1.918013   -1.168013 (VIOLATED)
_595_/RESET_B                           0.750000    1.918013   -1.168013 (VIOLATED)
_594_/RESET_B                           0.750000    1.918011   -1.168011 (VIOLATED)
_556_/RESET_B                           0.750000    1.918008   -1.168008 (VIOLATED)
_555_/RESET_B                           0.750000    1.918005   -1.168005 (VIOLATED)
_692_/RESET_B                           0.750000    1.918004   -1.168004 (VIOLATED)
_648_/RESET_B                           0.750000    1.918002   -1.168002 (VIOLATED)
_623_/RESET_B                           0.750000    1.917999   -1.167999 (VIOLATED)
_626_/RESET_B                           0.750000    1.918000   -1.168000 (VIOLATED)
_624_/RESET_B                           0.750000    1.917998   -1.167998 (VIOLATED)
_625_/RESET_B                           0.750000    1.917997   -1.167997 (VIOLATED)
_631_/RESET_B                           0.750000    1.917986   -1.167986 (VIOLATED)
_632_/RESET_B                           0.750000    1.917986   -1.167986 (VIOLATED)
_633_/RESET_B                           0.750000    1.917985   -1.167985 (VIOLATED)
_634_/RESET_B                           0.750000    1.917986   -1.167986 (VIOLATED)
_635_/RESET_B                           0.750000    1.917985   -1.167985 (VIOLATED)
_639_/RESET_B                           0.750000    1.917986   -1.167986 (VIOLATED)
_640_/RESET_B                           0.750000    1.917986   -1.167986 (VIOLATED)
_636_/RESET_B                           0.750000    1.917985   -1.167985 (VIOLATED)
_637_/RESET_B                           0.750000    1.917985   -1.167985 (VIOLATED)
_638_/RESET_B                           0.750000    1.917984   -1.167984 (VIOLATED)
_641_/RESET_B                           0.750000    1.917986   -1.167986 (VIOLATED)
_642_/RESET_B                           0.750000    1.917986   -1.167986 (VIOLATED)
_615_/RESET_B                           0.750000    1.917982   -1.167983 (VIOLATED)
_616_/RESET_B                           0.750000    1.917982   -1.167983 (VIOLATED)
_617_/RESET_B                           0.750000    1.917983   -1.167983 (VIOLATED)
_618_/RESET_B                           0.750000    1.917982   -1.167982 (VIOLATED)
_619_/RESET_B                           0.750000    1.917982   -1.167982 (VIOLATED)
_620_/RESET_B                           0.750000    1.917982   -1.167982 (VIOLATED)
_643_/RESET_B                           0.750000    1.917983   -1.167983 (VIOLATED)
_644_/RESET_B                           0.750000    1.917983   -1.167983 (VIOLATED)
_645_/RESET_B                           0.750000    1.917983   -1.167983 (VIOLATED)
_646_/RESET_B                           0.750000    1.917983   -1.167983 (VIOLATED)
_621_/RESET_B                           0.750000    1.917981   -1.167981 (VIOLATED)
_622_/RESET_B                           0.750000    1.917981   -1.167981 (VIOLATED)
_627_/RESET_B                           0.750000    1.917981   -1.167981 (VIOLATED)
_628_/RESET_B                           0.750000    1.917980   -1.167980 (VIOLATED)
_629_/RESET_B                           0.750000    1.917981   -1.167981 (VIOLATED)
_630_/RESET_B                           0.750000    1.917981   -1.167981 (VIOLATED)
reset_                                  0.750000    1.917969   -1.167969 (VIOLATED)
_576_/CLK                               0.750000    1.147909   -0.397909 (VIOLATED)
_578_/CLK                               0.750000    1.147909   -0.397909 (VIOLATED)
_601_/CLK                               0.750000    1.147909   -0.397909 (VIOLATED)
_602_/CLK                               0.750000    1.147909   -0.397909 (VIOLATED)
_575_/CLK                               0.750000    1.147908   -0.397908 (VIOLATED)
_686_/CLK                               0.750000    1.147909   -0.397909 (VIOLATED)
_598_/CLK                               0.750000    1.147908   -0.397908 (VIOLATED)
_599_/CLK                               0.750000    1.147908   -0.397908 (VIOLATED)
_600_/CLK                               0.750000    1.147908   -0.397908 (VIOLATED)
_603_/CLK                               0.750000    1.147908   -0.397908 (VIOLATED)
_604_/CLK                               0.750000    1.147907   -0.397907 (VIOLATED)
_605_/CLK                               0.750000    1.147905   -0.397905 (VIOLATED)
_564_/CLK                               0.750000    1.147904   -0.397904 (VIOLATED)
_570_/CLK                               0.750000    1.147905   -0.397904 (VIOLATED)
_609_/CLK                               0.750000    1.147904   -0.397904 (VIOLATED)
_608_/CLK                               0.750000    1.147903   -0.397904 (VIOLATED)
_606_/CLK                               0.750000    1.147903   -0.397903 (VIOLATED)
_607_/CLK                               0.750000    1.147903   -0.397903 (VIOLATED)
_688_/CLK                               0.750000    1.147898   -0.397898 (VIOLATED)
_573_/CLK                               0.750000    1.147896   -0.397896 (VIOLATED)
_588_/CLK                               0.750000    1.147896   -0.397896 (VIOLATED)
_685_/CLK                               0.750000    1.147896   -0.397896 (VIOLATED)
_687_/CLK                               0.750000    1.147896   -0.397896 (VIOLATED)
_589_/CLK                               0.750000    1.147892   -0.397892 (VIOLATED)
_690_/CLK                               0.750000    1.147891   -0.397891 (VIOLATED)
_571_/CLK                               0.750000    1.147890   -0.397890 (VIOLATED)
_590_/CLK                               0.750000    1.147890   -0.397890 (VIOLATED)
_591_/CLK                               0.750000    1.147890   -0.397890 (VIOLATED)
_689_/CLK                               0.750000    1.147890   -0.397890 (VIOLATED)
_647_/CLK                               0.750000    1.147890   -0.397890 (VIOLATED)
_691_/CLK                               0.750000    1.147890   -0.397890 (VIOLATED)
_563_/CLK                               0.750000    1.147889   -0.397889 (VIOLATED)
_597_/CLK                               0.750000    1.147888   -0.397888 (VIOLATED)
_577_/CLK                               0.750000    1.147884   -0.397884 (VIOLATED)
_579_/CLK                               0.750000    1.147884   -0.397884 (VIOLATED)
_596_/CLK                               0.750000    1.147884   -0.397884 (VIOLATED)
_580_/CLK                               0.750000    1.147883   -0.397883 (VIOLATED)
_574_/CLK                               0.750000    1.147883   -0.397883 (VIOLATED)
_612_/CLK                               0.750000    1.147883   -0.397883 (VIOLATED)
_587_/CLK                               0.750000    1.147882   -0.397882 (VIOLATED)
_594_/CLK                               0.750000    1.147882   -0.397882 (VIOLATED)
_614_/CLK                               0.750000    1.147882   -0.397882 (VIOLATED)
_613_/CLK                               0.750000    1.147882   -0.397882 (VIOLATED)
_581_/CLK                               0.750000    1.147880   -0.397881 (VIOLATED)
_595_/CLK                               0.750000    1.147881   -0.397881 (VIOLATED)
_582_/CLK                               0.750000    1.147879   -0.397880 (VIOLATED)
_584_/CLK                               0.750000    1.147879   -0.397879 (VIOLATED)
_583_/CLK                               0.750000    1.147878   -0.397878 (VIOLATED)
_585_/CLK                               0.750000    1.147878   -0.397878 (VIOLATED)
_586_/CLK                               0.750000    1.147878   -0.397878 (VIOLATED)
_592_/CLK                               0.750000    1.147877   -0.397877 (VIOLATED)
_626_/CLK                               0.750000    1.147875   -0.397875 (VIOLATED)
_648_/CLK                               0.750000    1.147875   -0.397875 (VIOLATED)
_624_/CLK                               0.750000    1.147874   -0.397874 (VIOLATED)
_625_/CLK                               0.750000    1.147874   -0.397874 (VIOLATED)
_555_/CLK                               0.750000    1.147874   -0.397874 (VIOLATED)
_593_/CLK                               0.750000    1.147874   -0.397874 (VIOLATED)
_631_/CLK                               0.750000    1.147874   -0.397874 (VIOLATED)
_556_/CLK                               0.750000    1.147873   -0.397873 (VIOLATED)
_692_/CLK                               0.750000    1.147874   -0.397874 (VIOLATED)
_623_/CLK                               0.750000    1.147873   -0.397873 (VIOLATED)
_632_/CLK                               0.750000    1.147873   -0.397873 (VIOLATED)
_634_/CLK                               0.750000    1.147873   -0.397873 (VIOLATED)
_567_/CLK                               0.750000    1.147871   -0.397871 (VIOLATED)
_568_/CLK                               0.750000    1.147871   -0.397871 (VIOLATED)
_569_/CLK                               0.750000    1.147871   -0.397871 (VIOLATED)
_572_/CLK                               0.750000    1.147871   -0.397871 (VIOLATED)
_615_/CLK                               0.750000    1.147871   -0.397871 (VIOLATED)
_616_/CLK                               0.750000    1.147871   -0.397871 (VIOLATED)
_617_/CLK                               0.750000    1.147871   -0.397871 (VIOLATED)
_618_/CLK                               0.750000    1.147871   -0.397871 (VIOLATED)
_633_/CLK                               0.750000    1.147871   -0.397871 (VIOLATED)
_619_/CLK                               0.750000    1.147871   -0.397871 (VIOLATED)
_620_/CLK                               0.750000    1.147871   -0.397871 (VIOLATED)
_646_/CLK                               0.750000    1.147871   -0.397871 (VIOLATED)
_565_/CLK                               0.750000    1.147870   -0.397870 (VIOLATED)
_566_/CLK                               0.750000    1.147870   -0.397870 (VIOLATED)
_621_/CLK                               0.750000    1.147870   -0.397870 (VIOLATED)
_622_/CLK                               0.750000    1.147870   -0.397870 (VIOLATED)
_561_/CLK                               0.750000    1.147869   -0.397869 (VIOLATED)
_562_/CLK                               0.750000    1.147869   -0.397869 (VIOLATED)
_630_/CLK                               0.750000    1.147869   -0.397869 (VIOLATED)
_643_/CLK                               0.750000    1.147870   -0.397870 (VIOLATED)
_627_/CLK                               0.750000    1.147869   -0.397869 (VIOLATED)
_628_/CLK                               0.750000    1.147869   -0.397869 (VIOLATED)
_560_/CLK                               0.750000    1.147868   -0.397868 (VIOLATED)
_629_/CLK                               0.750000    1.147869   -0.397869 (VIOLATED)
_644_/CLK                               0.750000    1.147869   -0.397869 (VIOLATED)
_559_/CLK                               0.750000    1.147867   -0.397868 (VIOLATED)
_645_/CLK                               0.750000    1.147868   -0.397868 (VIOLATED)
_558_/CLK                               0.750000    1.147866   -0.397866 (VIOLATED)
_557_/CLK                               0.750000    1.147866   -0.397866 (VIOLATED)
_636_/CLK                               0.750000    1.147866   -0.397866 (VIOLATED)
_638_/CLK                               0.750000    1.147865   -0.397865 (VIOLATED)
_637_/CLK                               0.750000    1.147865   -0.397865 (VIOLATED)
_639_/CLK                               0.750000    1.147864   -0.397865 (VIOLATED)
_640_/CLK                               0.750000    1.147864   -0.397864 (VIOLATED)
_642_/CLK                               0.750000    1.147865   -0.397865 (VIOLATED)
_641_/CLK                               0.750000    1.147864   -0.397864 (VIOLATED)
_635_/CLK                               0.750000    1.147862   -0.397862 (VIOLATED)
sys_clk                                 0.750000    1.147858   -0.397858 (VIOLATED)
_660_/RESET_B                           0.750000    0.818892   -0.068892 (VIOLATED)
_672_/RESET_B                           0.750000    0.818892   -0.068892 (VIOLATED)
_659_/RESET_B                           0.750000    0.818892   -0.068892 (VIOLATED)
_669_/RESET_B                           0.750000    0.818892   -0.068892 (VIOLATED)
_671_/RESET_B                           0.750000    0.818892   -0.068892 (VIOLATED)
_670_/RESET_B                           0.750000    0.818892   -0.068892 (VIOLATED)
_658_/RESET_B                           0.750000    0.818891   -0.068891 (VIOLATED)
_683_/RESET_B                           0.750000    0.818891   -0.068891 (VIOLATED)
_684_/RESET_B                           0.750000    0.818891   -0.068891 (VIOLATED)
_682_/RESET_B                           0.750000    0.818891   -0.068891 (VIOLATED)
_656_/RESET_B                           0.750000    0.818890   -0.068890 (VIOLATED)
_668_/RESET_B                           0.750000    0.818890   -0.068890 (VIOLATED)
_657_/RESET_B                           0.750000    0.818890   -0.068890 (VIOLATED)
_681_/RESET_B                           0.750000    0.818890   -0.068890 (VIOLATED)
_661_/RESET_B                           0.750000    0.818890   -0.068890 (VIOLATED)
_662_/RESET_B                           0.750000    0.818890   -0.068890 (VIOLATED)
_663_/RESET_B                           0.750000    0.818889   -0.068889 (VIOLATED)
_680_/RESET_B                           0.750000    0.818889   -0.068890 (VIOLATED)
_649_/RESET_B                           0.750000    0.818889   -0.068889 (VIOLATED)
_650_/RESET_B                           0.750000    0.818889   -0.068889 (VIOLATED)
_664_/RESET_B                           0.750000    0.818889   -0.068889 (VIOLATED)
_652_/RESET_B                           0.750000    0.818889   -0.068889 (VIOLATED)
_653_/RESET_B                           0.750000    0.818889   -0.068889 (VIOLATED)
_651_/RESET_B                           0.750000    0.818889   -0.068889 (VIOLATED)
_655_/RESET_B                           0.750000    0.818889   -0.068889 (VIOLATED)
_667_/RESET_B                           0.750000    0.818889   -0.068889 (VIOLATED)
_665_/RESET_B                           0.750000    0.818889   -0.068889 (VIOLATED)
_666_/RESET_B                           0.750000    0.818889   -0.068889 (VIOLATED)
_674_/RESET_B                           0.750000    0.818889   -0.068889 (VIOLATED)
_676_/RESET_B                           0.750000    0.818889   -0.068889 (VIOLATED)
_673_/RESET_B                           0.750000    0.818889   -0.068889 (VIOLATED)
_654_/RESET_B                           0.750000    0.818888   -0.068889 (VIOLATED)
_675_/RESET_B                           0.750000    0.818888   -0.068889 (VIOLATED)
_679_/RESET_B                           0.750000    0.818888   -0.068889 (VIOLATED)
_304_/X                                 0.750000    0.818887   -0.068887 (VIOLATED)
_610_/RESET_B                           0.750000    0.818887   -0.068887 (VIOLATED)
_611_/RESET_B                           0.750000    0.818887   -0.068887 (VIOLATED)
_677_/RESET_B                           0.750000    0.818887   -0.068887 (VIOLATED)
_678_/RESET_B                           0.750000    0.818887   -0.068887 (VIOLATED)

max fanout

Pin                                   Limit Fanout  Slack
---------------------------------------------------------
reset_                                   10    101    -91 (VIOLATED)
sys_clk                                  10    100    -90 (VIOLATED)
_648_/Q                                  10     40    -30 (VIOLATED)
_300_/X                                  10     38    -28 (VIOLATED)
_304_/X                                  10     38    -28 (VIOLATED)
_563_/Q                                  10     16     -6 (VIOLATED)
_298_/Y                                  10     14     -4 (VIOLATED)
_322_/Y                                  10     14     -4 (VIOLATED)
_301_/Y                                  10     13     -3 (VIOLATED)
_438_/X                                  10     13     -3 (VIOLATED)
comparator                               10     12     -2 (VIOLATED)
_308_/X                                  10     12     -2 (VIOLATED)
_323_/Y                                  10     12     -2 (VIOLATED)
_431_/X                                  10     12     -2 (VIOLATED)
_437_/X                                  10     12     -2 (VIOLATED)
_534_/X                                  10     12     -2 (VIOLATED)
_376_/Y                                  10     11        (VIOLATED)
_430_/Y                                  10     11        (VIOLATED)
_432_/Y                                  10     11        (VIOLATED)

max capacitance

Pin                                        Limit         Cap       Slack
------------------------------------------------------------------------
reset_                                  0.200000    0.430867   -0.230866 (VIOLATED)
sys_clk                                 0.200000    0.257086   -0.057086 (VIOLATED)



===========================================================================
report_parasitic_annotation -report_unannotated
============================================================================
Found 26 unannotated drivers.
 _693_/HI
 _694_/HI
 _695_/HI
 _696_/HI
 _697_/HI
 _698_/HI
 _699_/HI
 _700_/HI
 _701_/HI
 _702_/HI
 _703_/HI
 _704_/HI
 _705_/HI
 _706_/HI
 _707_/HI
 _708_/HI
 _709_/HI
 _710_/HI
 _711_/HI
 _712_/HI
 _713_/HI
 _714_/HI
 _715_/HI
 _716_/HI
 _717_/HI
 _718_/HI
Found 0 partially unannotated drivers.

===========================================================================
max slew violation count 242
Writing metric design__max_slew_violation__count__corner:nom_tt_025C_1v80: 242
max fanout violation count 19
Writing metric design__max_fanout_violation__count__corner:nom_tt_025C_1v80: 19
max cap violation count 2
Writing metric design__max_cap_violation__count__corner:nom_tt_025C_1v80: 2
============================================================================

===========================================================================
check_setup -verbose -unconstrained_endpoints -multiple_clock -no_clock -no_input_delay -loops -generated_clocks
===========================================================================
Warning: There are 38 unclocked register/latch pins.
  _610_/CLK
  _611_/CLK
  _649_/CLK
  _650_/CLK
  _651_/CLK
  _652_/CLK
  _653_/CLK
  _654_/CLK
  _655_/CLK
  _656_/CLK
  _657_/CLK
  _658_/CLK
  _659_/CLK
  _660_/CLK
  _661_/CLK
  _662_/CLK
  _663_/CLK
  _664_/CLK
  _665_/CLK
  _666_/CLK
  _667_/CLK
  _668_/CLK
  _669_/CLK
  _670_/CLK
  _671_/CLK
  _672_/CLK
  _673_/CLK
  _674_/CLK
  _675_/CLK
  _676_/CLK
  _677_/CLK
  _678_/CLK
  _679_/CLK
  _680_/CLK
  _681_/CLK
  _682_/CLK
  _683_/CLK
  _684_/CLK
Warning: There are 80 unconstrained endpoints.
  dac[0]
  dac[10]
  dac[11]
  dac[1]
  dac[2]
  dac[3]
  dac[4]
  dac[5]
  dac[6]
  dac[7]
  dac[8]
  dac[9]
  dac_rst
  pwr_gate
  sample_and_hold
  _574_/D
  _610_/D
  _611_/D
  _621_/D
  _622_/D
  _623_/D
  _624_/D
  _625_/D
  _626_/D
  _627_/D
  _628_/D
  _629_/D
  _630_/D
  _631_/D
  _632_/D
  _633_/D
  _634_/D
  _635_/D
  _636_/D
  _637_/D
  _638_/D
  _639_/D
  _640_/D
  _641_/D
  _642_/D
  _643_/D
  _644_/D
  _645_/D
  _646_/D
  _649_/D
  _650_/D
  _651_/D
  _652_/D
  _653_/D
  _654_/D
  _655_/D
  _656_/D
  _657_/D
  _658_/D
  _659_/D
  _660_/D
  _661_/D
  _662_/D
  _663_/D
  _664_/D
  _665_/D
  _666_/D
  _667_/D
  _668_/D
  _669_/D
  _670_/D
  _671_/D
  _672_/D
  _673_/D
  _674_/D
  _675_/D
  _676_/D
  _677_/D
  _678_/D
  _679_/D
  _680_/D
  _681_/D
  _682_/D
  _683_/D
  _684_/D
