Clock: sys_clk
Sources: sys_clk 
Generated: no
Virtual: yes
Propagated: no
Period: 20.000000

===========================================================================
report_clock_properties
============================================================================
Clock                   Period          Waveform
----------------------------------------------------
sys_clk              20.000000    0.000000 10.000000

===========================================================================
report_clock_latency
============================================================================
Clock sys_clk
rise -> rise
    min     max
0.000000 0.000000 source latency
0.294148         network latency _570_/CLK
        0.964193 network latency _575_/CLK
---------------
0.294148 0.964193 latency
        0.670045 skew

rise -> fall
    min     max
0.000000 0.000000 source latency
0.643472         network latency _644_/CLK
        0.923752 network latency _575_/CLK
---------------
0.643472 0.923752 latency
        0.280280 skew

fall -> fall
    min     max
0.000000 0.000000 source latency
0.261797         network latency _570_/CLK
        0.266418 network latency _590_/CLK
---------------
0.261797 0.266418 latency
        0.004621 skew



===========================================================================
report_clock_min_period
============================================================================
sys_clk period_min = 2.23 fmax = 449.01
