
===========================================================================
 report_power
============================================================================
======================= nom_tt_025C_1v80 Corner ===================================

Group                    Internal    Switching      Leakage        Total
                            Power        Power        Power        Power (Watts)
------------------------------------------------------------------------
Sequential           4.406389e-05 3.348831e-06 1.843058e-09 4.741457e-05  51.9%
Combinational        6.041807e-06 5.130795e-06 1.916429e-09 1.117452e-05  12.2%
Clock                1.918403e-05 1.355428e-05 4.121536e-10 3.273873e-05  35.8%
Macro                0.000000e+00 0.000000e+00 0.000000e+00 0.000000e+00   0.0%
Pad                  0.000000e+00 0.000000e+00 0.000000e+00 0.000000e+00   0.0%
------------------------------------------------------------------------
Total                6.928974e-05 2.203391e-05 4.171652e-09 9.132781e-05 100.0%
                            75.9%        24.1%         0.0%
Writing metric power__internal__total: 6.928973743924871e-5
Writing metric power__switching__total: 2.2033909772289917e-5
Writing metric power__leakage__total: 4.171652356887989e-9
Writing metric power__total: 9.132781269727275e-5

