
===========================================================================
report_checks -unconstrained
===========================================================================
======================= nom_tt_025C_1v80 Corner ===================================

Startpoint: reset_ (input port clocked by sys_clk)
Endpoint: _608_ (recovery check against rising-edge clock sys_clk)
Path Group: asynchronous
Path Type: max

Fanout         Cap        Slew       Delay        Time   Description
---------------------------------------------------------------------------------------------
                                  0.000000    0.000000   clock sys_clk (rise edge)
                                  0.000000    0.000000   clock network delay (propagated)
                                  4.000000    4.000000 ^ input external delay
   101    0.427810    1.904292    1.312230    5.312230 ^ reset_ (in)
                                                         reset_ (net)
                      1.904322    0.000000    5.312230 ^ _608_/RESET_B (sky130_fd_sc_hd__dfrtp_2)
                                              5.312230   data arrival time

                                 20.000000   20.000000   clock sys_clk (rise edge)
                                  0.000000   20.000000   clock source latency
   100    0.254210    1.135229    0.780558   20.780558 ^ sys_clk (in)
                                                         sys_clk (net)
                      1.135234    0.000000   20.780558 ^ _608_/CLK (sky130_fd_sc_hd__dfrtp_2)
                                 -0.250000   20.530560   clock uncertainty
                                  0.000000   20.530560   clock reconvergence pessimism
                                 -0.097089   20.433470   library recovery time
                                             20.433470   data required time
---------------------------------------------------------------------------------------------
                                             20.433470   data required time
                                             -5.312230   data arrival time
---------------------------------------------------------------------------------------------
                                             15.121242   slack (MET)


Startpoint: cs (input port clocked by sys_clk)
Endpoint: miso (output port clocked by sys_clk)
Path Group: sys_clk
Path Type: max

Fanout         Cap        Slew       Delay        Time   Description
---------------------------------------------------------------------------------------------
                                  0.000000    0.000000   clock sys_clk (rise edge)
                                  0.000000    0.000000   clock network delay (propagated)
                                  4.000000    4.000000 v input external delay
     5    0.020015    0.046082    0.032275    4.032275 v cs (in)
                                                         cs (net)
                      0.046086    0.000000    4.032275 v _556_/A (sky130_fd_sc_hd__buf_1)
     1    0.004127    0.034549    0.094438    4.126713 v _556_/X (sky130_fd_sc_hd__buf_1)
                                                         _281_ (net)
                      0.034549    0.000006    4.126719 v _720_/TE_B (sky130_fd_sc_hd__ebufn_2)
     1    0.039342    0.465600    0.377113    4.503832 ^ _720_/Z (sky130_fd_sc_hd__ebufn_2)
                                                         miso (net)
                      0.465600    0.000558    4.504390 ^ miso (out)
                                              4.504390   data arrival time

                                 20.000000   20.000000   clock sys_clk (rise edge)
                                  0.000000   20.000000   clock network delay (propagated)
                                 -0.250000   19.750002   clock uncertainty
                                  0.000000   19.750002   clock reconvergence pessimism
                                 -4.000000   15.750001   output external delay
                                             15.750001   data required time
---------------------------------------------------------------------------------------------
                                             15.750001   data required time
                                             -4.504390   data arrival time
---------------------------------------------------------------------------------------------
                                             11.245611   slack (MET)




===========================================================================
report_checks --slack_max -0.01
============================================================================
======================= nom_tt_025C_1v80 Corner ===================================

No paths found.


===========================================================================
 report_check_types -max_slew -max_cap -max_fanout -violators
============================================================================
======================= nom_tt_025C_1v80 Corner ===================================

max slew

Pin                                        Limit        Slew       Slack
------------------------------------------------------------------------
_651_/RESET_B                           0.750000    1.904374   -1.154374 (VIOLATED)
_667_/RESET_B                           0.750000    1.904375   -1.154375 (VIOLATED)
_672_/RESET_B                           0.750000    1.904376   -1.154376 (VIOLATED)
_673_/RESET_B                           0.750000    1.904375   -1.154375 (VIOLATED)
_674_/RESET_B                           0.750000    1.904375   -1.154375 (VIOLATED)
_675_/RESET_B                           0.750000    1.904376   -1.154376 (VIOLATED)
_577_/RESET_B                           0.750000    1.904374   -1.154374 (VIOLATED)
_677_/RESET_B                           0.750000    1.904374   -1.154374 (VIOLATED)
_678_/RESET_B                           0.750000    1.904374   -1.154374 (VIOLATED)
_612_/RESET_B                           0.750000    1.904370   -1.154370 (VIOLATED)
_563_/RESET_B                           0.750000    1.904369   -1.154369 (VIOLATED)
_579_/RESET_B                           0.750000    1.904369   -1.154369 (VIOLATED)
_676_/RESET_B                           0.750000    1.904369   -1.154369 (VIOLATED)
_650_/RESET_B                           0.750000    1.904362   -1.154362 (VIOLATED)
_652_/RESET_B                           0.750000    1.904361   -1.154361 (VIOLATED)
_691_/RESET_B                           0.750000    1.904361   -1.154361 (VIOLATED)
_692_/RESET_B                           0.750000    1.904355   -1.154355 (VIOLATED)
_693_/RESET_B                           0.750000    1.904353   -1.154353 (VIOLATED)
_694_/RESET_B                           0.750000    1.904350   -1.154350 (VIOLATED)
_653_/RESET_B                           0.750000    1.904348   -1.154348 (VIOLATED)
_654_/RESET_B                           0.750000    1.904348   -1.154348 (VIOLATED)
_655_/RESET_B                           0.750000    1.904347   -1.154347 (VIOLATED)
_574_/RESET_B                           0.750000    1.904346   -1.154346 (VIOLATED)
_656_/RESET_B                           0.750000    1.904347   -1.154347 (VIOLATED)
_657_/RESET_B                           0.750000    1.904346   -1.154346 (VIOLATED)
_558_/RESET_B                           0.750000    1.904345   -1.154345 (VIOLATED)
_658_/RESET_B                           0.750000    1.904346   -1.154346 (VIOLATED)
_564_/RESET_B                           0.750000    1.904343   -1.154343 (VIOLATED)
_565_/RESET_B                           0.750000    1.904342   -1.154342 (VIOLATED)
_679_/RESET_B                           0.750000    1.904343   -1.154343 (VIOLATED)
_680_/RESET_B                           0.750000    1.904343   -1.154343 (VIOLATED)
_578_/SET_B                             0.750000    1.904341   -1.154341 (VIOLATED)
_303_/B                                 0.750000    1.904340   -1.154340 (VIOLATED)
_681_/RESET_B                           0.750000    1.904340   -1.154340 (VIOLATED)
_682_/RESET_B                           0.750000    1.904338   -1.154338 (VIOLATED)
_573_/RESET_B                           0.750000    1.904337   -1.154337 (VIOLATED)
_683_/RESET_B                           0.750000    1.904337   -1.154337 (VIOLATED)
_557_/RESET_B                           0.750000    1.904335   -1.154335 (VIOLATED)
_559_/RESET_B                           0.750000    1.904335   -1.154335 (VIOLATED)
_561_/RESET_B                           0.750000    1.904335   -1.154335 (VIOLATED)
_664_/RESET_B                           0.750000    1.904335   -1.154335 (VIOLATED)
_668_/RESET_B                           0.750000    1.904335   -1.154335 (VIOLATED)
_669_/RESET_B                           0.750000    1.904335   -1.154335 (VIOLATED)
_670_/RESET_B                           0.750000    1.904336   -1.154336 (VIOLATED)
_671_/RESET_B                           0.750000    1.904336   -1.154336 (VIOLATED)
_684_/RESET_B                           0.750000    1.904334   -1.154334 (VIOLATED)
_663_/RESET_B                           0.750000    1.904333   -1.154333 (VIOLATED)
_665_/RESET_B                           0.750000    1.904333   -1.154333 (VIOLATED)
_685_/RESET_B                           0.750000    1.904334   -1.154334 (VIOLATED)
_566_/RESET_B                           0.750000    1.904331   -1.154331 (VIOLATED)
_562_/RESET_B                           0.750000    1.904329   -1.154329 (VIOLATED)
_567_/RESET_B                           0.750000    1.904330   -1.154331 (VIOLATED)
_568_/RESET_B                           0.750000    1.904330   -1.154330 (VIOLATED)
_572_/RESET_B                           0.750000    1.904331   -1.154331 (VIOLATED)
_666_/RESET_B                           0.750000    1.904332   -1.154332 (VIOLATED)
_662_/RESET_B                           0.750000    1.904330   -1.154330 (VIOLATED)
_686_/RESET_B                           0.750000    1.904330   -1.154331 (VIOLATED)
_690_/RESET_B                           0.750000    1.904331   -1.154331 (VIOLATED)
_569_/RESET_B                           0.750000    1.904329   -1.154329 (VIOLATED)
_570_/RESET_B                           0.750000    1.904328   -1.154328 (VIOLATED)
_571_/RESET_B                           0.750000    1.904327   -1.154327 (VIOLATED)
_659_/RESET_B                           0.750000    1.904328   -1.154328 (VIOLATED)
_660_/RESET_B                           0.750000    1.904326   -1.154326 (VIOLATED)
_661_/RESET_B                           0.750000    1.904326   -1.154326 (VIOLATED)
_687_/RESET_B                           0.750000    1.904327   -1.154327 (VIOLATED)
_560_/RESET_B                           0.750000    1.904324   -1.154324 (VIOLATED)
_588_/RESET_B                           0.750000    1.904325   -1.154325 (VIOLATED)
_589_/RESET_B                           0.750000    1.904325   -1.154325 (VIOLATED)
_590_/RESET_B                           0.750000    1.904325   -1.154325 (VIOLATED)
_591_/RESET_B                           0.750000    1.904325   -1.154325 (VIOLATED)
_689_/RESET_B                           0.750000    1.904325   -1.154325 (VIOLATED)
_608_/RESET_B                           0.750000    1.904322   -1.154322 (VIOLATED)
_609_/RESET_B                           0.750000    1.904322   -1.154322 (VIOLATED)
_610_/RESET_B                           0.750000    1.904322   -1.154322 (VIOLATED)
_611_/RESET_B                           0.750000    1.904322   -1.154322 (VIOLATED)
_688_/RESET_B                           0.750000    1.904322   -1.154322 (VIOLATED)
_602_/RESET_B                           0.750000    1.904320   -1.154320 (VIOLATED)
_600_/RESET_B                           0.750000    1.904318   -1.154318 (VIOLATED)
_601_/RESET_B                           0.750000    1.904319   -1.154319 (VIOLATED)
_603_/RESET_B                           0.750000    1.904319   -1.154319 (VIOLATED)
_597_/RESET_B                           0.750000    1.904313   -1.154313 (VIOLATED)
_599_/RESET_B                           0.750000    1.904313   -1.154313 (VIOLATED)
_587_/RESET_B                           0.750000    1.904311   -1.154311 (VIOLATED)
_606_/RESET_B                           0.750000    1.904311   -1.154311 (VIOLATED)
_607_/RESET_B                           0.750000    1.904311   -1.154311 (VIOLATED)
_596_/RESET_B                           0.750000    1.904310   -1.154310 (VIOLATED)
_598_/RESET_B                           0.750000    1.904311   -1.154311 (VIOLATED)
_604_/RESET_B                           0.750000    1.904311   -1.154311 (VIOLATED)
_605_/RESET_B                           0.750000    1.904311   -1.154311 (VIOLATED)
_592_/RESET_B                           0.750000    1.904306   -1.154306 (VIOLATED)
_593_/RESET_B                           0.750000    1.904305   -1.154305 (VIOLATED)
_594_/RESET_B                           0.750000    1.904305   -1.154305 (VIOLATED)
_595_/RESET_B                           0.750000    1.904305   -1.154305 (VIOLATED)
_580_/RESET_B                           0.750000    1.904303   -1.154303 (VIOLATED)
_581_/RESET_B                           0.750000    1.904303   -1.154303 (VIOLATED)
_582_/RESET_B                           0.750000    1.904303   -1.154303 (VIOLATED)
_583_/RESET_B                           0.750000    1.904303   -1.154303 (VIOLATED)
_584_/RESET_B                           0.750000    1.904302   -1.154302 (VIOLATED)
_585_/RESET_B                           0.750000    1.904302   -1.154302 (VIOLATED)
_613_/RESET_B                           0.750000    1.904303   -1.154303 (VIOLATED)
_586_/RESET_B                           0.750000    1.904301   -1.154301 (VIOLATED)
reset_                                  0.750000    1.904292   -1.154292 (VIOLATED)
_677_/CLK                               0.750000    1.135298   -0.385298 (VIOLATED)
_678_/CLK                               0.750000    1.135298   -0.385298 (VIOLATED)
_679_/CLK                               0.750000    1.135299   -0.385299 (VIOLATED)
_680_/CLK                               0.750000    1.135299   -0.385299 (VIOLATED)
_577_/CLK                               0.750000    1.135298   -0.385298 (VIOLATED)
_651_/CLK                               0.750000    1.135297   -0.385297 (VIOLATED)
_667_/CLK                               0.750000    1.135297   -0.385297 (VIOLATED)
_672_/CLK                               0.750000    1.135297   -0.385297 (VIOLATED)
_674_/CLK                               0.750000    1.135297   -0.385297 (VIOLATED)
_675_/CLK                               0.750000    1.135297   -0.385297 (VIOLATED)
_673_/CLK                               0.750000    1.135296   -0.385296 (VIOLATED)
_563_/CLK                               0.750000    1.135294   -0.385294 (VIOLATED)
_564_/CLK                               0.750000    1.135294   -0.385294 (VIOLATED)
_579_/CLK                               0.750000    1.135293   -0.385293 (VIOLATED)
_676_/CLK                               0.750000    1.135293   -0.385293 (VIOLATED)
_612_/CLK                               0.750000    1.135292   -0.385292 (VIOLATED)
_653_/CLK                               0.750000    1.135285   -0.385285 (VIOLATED)
_650_/CLK                               0.750000    1.135282   -0.385282 (VIOLATED)
_652_/CLK                               0.750000    1.135282   -0.385282 (VIOLATED)
_690_/CLK                               0.750000    1.135283   -0.385283 (VIOLATED)
_691_/CLK                               0.750000    1.135283   -0.385283 (VIOLATED)
_654_/CLK                               0.750000    1.135282   -0.385282 (VIOLATED)
_692_/CLK                               0.750000    1.135281   -0.385281 (VIOLATED)
_693_/CLK                               0.750000    1.135282   -0.385282 (VIOLATED)
_655_/CLK                               0.750000    1.135279   -0.385279 (VIOLATED)
_656_/CLK                               0.750000    1.135276   -0.385276 (VIOLATED)
_566_/CLK                               0.750000    1.135274   -0.385274 (VIOLATED)
_567_/CLK                               0.750000    1.135274   -0.385274 (VIOLATED)
_568_/CLK                               0.750000    1.135274   -0.385274 (VIOLATED)
_569_/CLK                               0.750000    1.135273   -0.385273 (VIOLATED)
_574_/CLK                               0.750000    1.135273   -0.385273 (VIOLATED)
_694_/CLK                               0.750000    1.135273   -0.385273 (VIOLATED)
_558_/CLK                               0.750000    1.135272   -0.385272 (VIOLATED)
_657_/CLK                               0.750000    1.135271   -0.385271 (VIOLATED)
_658_/CLK                               0.750000    1.135270   -0.385270 (VIOLATED)
_557_/CLK                               0.750000    1.135262   -0.385262 (VIOLATED)
_572_/CLK                               0.750000    1.135263   -0.385263 (VIOLATED)
_573_/CLK                               0.750000    1.135263   -0.385263 (VIOLATED)
_559_/CLK                               0.750000    1.135262   -0.385262 (VIOLATED)
_561_/CLK                               0.750000    1.135261   -0.385261 (VIOLATED)
_671_/CLK                               0.750000    1.135261   -0.385261 (VIOLATED)
_668_/CLK                               0.750000    1.135261   -0.385261 (VIOLATED)
_669_/CLK                               0.750000    1.135261   -0.385261 (VIOLATED)
_670_/CLK                               0.750000    1.135261   -0.385261 (VIOLATED)
_664_/CLK                               0.750000    1.135260   -0.385260 (VIOLATED)
_665_/CLK                               0.750000    1.135260   -0.385260 (VIOLATED)
_663_/CLK                               0.750000    1.135259   -0.385259 (VIOLATED)
_666_/CLK                               0.750000    1.135258   -0.385258 (VIOLATED)
_662_/CLK                               0.750000    1.135257   -0.385258 (VIOLATED)
_562_/CLK                               0.750000    1.135257   -0.385257 (VIOLATED)
_659_/CLK                               0.750000    1.135256   -0.385256 (VIOLATED)
_660_/CLK                               0.750000    1.135255   -0.385255 (VIOLATED)
_661_/CLK                               0.750000    1.135255   -0.385255 (VIOLATED)
_560_/CLK                               0.750000    1.135254   -0.385254 (VIOLATED)
_588_/CLK                               0.750000    1.135254   -0.385254 (VIOLATED)
_589_/CLK                               0.750000    1.135254   -0.385254 (VIOLATED)
_590_/CLK                               0.750000    1.135254   -0.385254 (VIOLATED)
_591_/CLK                               0.750000    1.135254   -0.385254 (VIOLATED)
_565_/CLK                               0.750000    1.135252   -0.385252 (VIOLATED)
_578_/CLK                               0.750000    1.135252   -0.385252 (VIOLATED)
_601_/CLK                               0.750000    1.135251   -0.385251 (VIOLATED)
_681_/CLK                               0.750000    1.135252   -0.385252 (VIOLATED)
_602_/CLK                               0.750000    1.135251   -0.385251 (VIOLATED)
_682_/CLK                               0.750000    1.135251   -0.385251 (VIOLATED)
_683_/CLK                               0.750000    1.135251   -0.385251 (VIOLATED)
_603_/CLK                               0.750000    1.135250   -0.385250 (VIOLATED)
_684_/CLK                               0.750000    1.135250   -0.385250 (VIOLATED)
_685_/CLK                               0.750000    1.135250   -0.385250 (VIOLATED)
_600_/CLK                               0.750000    1.135248   -0.385248 (VIOLATED)
_686_/CLK                               0.750000    1.135249   -0.385249 (VIOLATED)
_570_/CLK                               0.750000    1.135247   -0.385247 (VIOLATED)
_571_/CLK                               0.750000    1.135247   -0.385247 (VIOLATED)
_687_/CLK                               0.750000    1.135247   -0.385247 (VIOLATED)
_689_/CLK                               0.750000    1.135247   -0.385247 (VIOLATED)
_688_/CLK                               0.750000    1.135246   -0.385246 (VIOLATED)
_587_/CLK                               0.750000    1.135244   -0.385244 (VIOLATED)
_580_/CLK                               0.750000    1.135243   -0.385243 (VIOLATED)
_581_/CLK                               0.750000    1.135244   -0.385244 (VIOLATED)
_582_/CLK                               0.750000    1.135244   -0.385244 (VIOLATED)
_613_/CLK                               0.750000    1.135243   -0.385243 (VIOLATED)
_583_/CLK                               0.750000    1.135243   -0.385243 (VIOLATED)
_584_/CLK                               0.750000    1.135243   -0.385243 (VIOLATED)
_585_/CLK                               0.750000    1.135242   -0.385242 (VIOLATED)
_586_/CLK                               0.750000    1.135241   -0.385241 (VIOLATED)
_597_/CLK                               0.750000    1.135240   -0.385240 (VIOLATED)
_593_/CLK                               0.750000    1.135239   -0.385240 (VIOLATED)
_592_/CLK                               0.750000    1.135239   -0.385239 (VIOLATED)
_594_/CLK                               0.750000    1.135239   -0.385239 (VIOLATED)
_595_/CLK                               0.750000    1.135239   -0.385239 (VIOLATED)
_599_/CLK                               0.750000    1.135239   -0.385240 (VIOLATED)
_596_/CLK                               0.750000    1.135237   -0.385237 (VIOLATED)
_598_/CLK                               0.750000    1.135236   -0.385236 (VIOLATED)
_610_/CLK                               0.750000    1.135234   -0.385234 (VIOLATED)
_611_/CLK                               0.750000    1.135234   -0.385234 (VIOLATED)
_604_/CLK                               0.750000    1.135234   -0.385234 (VIOLATED)
_605_/CLK                               0.750000    1.135234   -0.385234 (VIOLATED)
_606_/CLK                               0.750000    1.135234   -0.385234 (VIOLATED)
_607_/CLK                               0.750000    1.135234   -0.385234 (VIOLATED)
_608_/CLK                               0.750000    1.135234   -0.385234 (VIOLATED)
_609_/CLK                               0.750000    1.135234   -0.385234 (VIOLATED)
sys_clk                                 0.750000    1.135229   -0.385229 (VIOLATED)
_504_/S                                 0.750000    0.838781   -0.088781 (VIOLATED)
_502_/S                                 0.750000    0.838781   -0.088781 (VIOLATED)
_503_/S                                 0.750000    0.838781   -0.088781 (VIOLATED)
_501_/S                                 0.750000    0.838781   -0.088781 (VIOLATED)
_492_/Y                                 0.750000    0.838780   -0.088780 (VIOLATED)
_493_/S                                 0.750000    0.838780   -0.088780 (VIOLATED)
_494_/S                                 0.750000    0.838780   -0.088780 (VIOLATED)
_495_/S                                 0.750000    0.838780   -0.088780 (VIOLATED)
_496_/S                                 0.750000    0.838780   -0.088780 (VIOLATED)
_497_/S                                 0.750000    0.838780   -0.088780 (VIOLATED)
_498_/S                                 0.750000    0.838780   -0.088780 (VIOLATED)
_499_/S                                 0.750000    0.838780   -0.088780 (VIOLATED)
_500_/S                                 0.750000    0.838780   -0.088780 (VIOLATED)
_625_/RESET_B                           0.750000    0.819767   -0.069767 (VIOLATED)
_637_/RESET_B                           0.750000    0.819767   -0.069767 (VIOLATED)
_624_/RESET_B                           0.750000    0.819767   -0.069767 (VIOLATED)
_649_/RESET_B                           0.750000    0.819767   -0.069767 (VIOLATED)
_647_/RESET_B                           0.750000    0.819767   -0.069767 (VIOLATED)
_648_/RESET_B                           0.750000    0.819767   -0.069767 (VIOLATED)
_623_/RESET_B                           0.750000    0.819766   -0.069766 (VIOLATED)
_636_/RESET_B                           0.750000    0.819766   -0.069766 (VIOLATED)
_635_/RESET_B                           0.750000    0.819766   -0.069766 (VIOLATED)
_646_/RESET_B                           0.750000    0.819766   -0.069766 (VIOLATED)
_634_/RESET_B                           0.750000    0.819766   -0.069766 (VIOLATED)
_622_/RESET_B                           0.750000    0.819766   -0.069766 (VIOLATED)
_645_/RESET_B                           0.750000    0.819764   -0.069764 (VIOLATED)
_644_/RESET_B                           0.750000    0.819763   -0.069763 (VIOLATED)
_614_/RESET_B                           0.750000    0.819762   -0.069762 (VIOLATED)
_626_/RESET_B                           0.750000    0.819762   -0.069762 (VIOLATED)
_627_/RESET_B                           0.750000    0.819762   -0.069762 (VIOLATED)
_615_/RESET_B                           0.750000    0.819762   -0.069762 (VIOLATED)
_616_/RESET_B                           0.750000    0.819762   -0.069762 (VIOLATED)
_621_/RESET_B                           0.750000    0.819762   -0.069762 (VIOLATED)
_628_/RESET_B                           0.750000    0.819762   -0.069762 (VIOLATED)
_633_/RESET_B                           0.750000    0.819762   -0.069762 (VIOLATED)
_617_/RESET_B                           0.750000    0.819762   -0.069762 (VIOLATED)
_620_/RESET_B                           0.750000    0.819762   -0.069762 (VIOLATED)
_629_/RESET_B                           0.750000    0.819762   -0.069762 (VIOLATED)
_632_/RESET_B                           0.750000    0.819762   -0.069762 (VIOLATED)
_638_/RESET_B                           0.750000    0.819762   -0.069762 (VIOLATED)
_639_/RESET_B                           0.750000    0.819762   -0.069762 (VIOLATED)
_640_/RESET_B                           0.750000    0.819762   -0.069762 (VIOLATED)
_643_/RESET_B                           0.750000    0.819762   -0.069762 (VIOLATED)
_303_/X                                 0.750000    0.819761   -0.069761 (VIOLATED)
_575_/RESET_B                           0.750000    0.819761   -0.069761 (VIOLATED)
_576_/RESET_B                           0.750000    0.819761   -0.069761 (VIOLATED)
_618_/RESET_B                           0.750000    0.819761   -0.069761 (VIOLATED)
_619_/RESET_B                           0.750000    0.819761   -0.069761 (VIOLATED)
_630_/RESET_B                           0.750000    0.819761   -0.069761 (VIOLATED)
_631_/RESET_B                           0.750000    0.819761   -0.069761 (VIOLATED)
_641_/RESET_B                           0.750000    0.819761   -0.069761 (VIOLATED)
_642_/RESET_B                           0.750000    0.819761   -0.069761 (VIOLATED)

max fanout

Pin                                   Limit Fanout  Slack
---------------------------------------------------------
reset_                                   10    101    -91 (VIOLATED)
sys_clk                                  10    100    -90 (VIOLATED)
_613_/Q                                  10     39    -29 (VIOLATED)
_299_/X                                  10     38    -28 (VIOLATED)
_303_/X                                  10     38    -28 (VIOLATED)
_666_/Q                                  10     16     -6 (VIOLATED)
_507_/X                                  10     15     -5 (VIOLATED)
_297_/Y                                  10     14     -4 (VIOLATED)
_320_/Y                                  10     14     -4 (VIOLATED)
_300_/Y                                  10     13     -3 (VIOLATED)
_399_/X                                  10     13     -3 (VIOLATED)
comparator                               10     12     -2 (VIOLATED)
_306_/X                                  10     12     -2 (VIOLATED)
_321_/Y                                  10     12     -2 (VIOLATED)
_388_/X                                  10     12     -2 (VIOLATED)
_492_/Y                                  10     12     -2 (VIOLATED)
_387_/X                                  10     11        (VIOLATED)
_389_/Y                                  10     11        (VIOLATED)
_398_/Y                                  10     11        (VIOLATED)

max capacitance

Pin                                        Limit         Cap       Slack
------------------------------------------------------------------------
reset_                                  0.200000    0.427810   -0.227810 (VIOLATED)
sys_clk                                 0.200000    0.254210   -0.054210 (VIOLATED)



===========================================================================
report_parasitic_annotation -report_unannotated
============================================================================
Found 24 unannotated drivers.
 _695_/HI
 _696_/HI
 _697_/HI
 _698_/HI
 _699_/HI
 _700_/HI
 _701_/HI
 _702_/HI
 _703_/HI
 _704_/HI
 _705_/HI
 _706_/HI
 _707_/HI
 _708_/HI
 _709_/HI
 _710_/HI
 _711_/HI
 _712_/HI
 _713_/HI
 _714_/HI
 _715_/HI
 _716_/HI
 _717_/HI
 _718_/HI
Found 0 partially unannotated drivers.

===========================================================================
max slew violation count 255
Writing metric design__max_slew_violation__count__corner:nom_tt_025C_1v80: 255
max fanout violation count 19
Writing metric design__max_fanout_violation__count__corner:nom_tt_025C_1v80: 19
max cap violation count 2
Writing metric design__max_cap_violation__count__corner:nom_tt_025C_1v80: 2
============================================================================

===========================================================================
check_setup -verbose -unconstrained_endpoints -multiple_clock -no_clock -no_input_delay -loops -generated_clocks
===========================================================================
Warning: There are 38 unclocked register/latch pins.
  _575_/CLK
  _576_/CLK
  _614_/CLK
  _615_/CLK
  _616_/CLK
  _617_/CLK
  _618_/CLK
  _619_/CLK
  _620_/CLK
  _621_/CLK
  _622_/CLK
  _623_/CLK
  _624_/CLK
  _625_/CLK
  _626_/CLK
  _627_/CLK
  _628_/CLK
  _629_/CLK
  _630_/CLK
  _631_/CLK
  _632_/CLK
  _633_/CLK
  _634_/CLK
  _635_/CLK
  _636_/CLK
  _637_/CLK
  _638_/CLK
  _639_/CLK
  _640_/CLK
  _641_/CLK
  _642_/CLK
  _643_/CLK
  _644_/CLK
  _645_/CLK
  _646_/CLK
  _647_/CLK
  _648_/CLK
  _649_/CLK
Warning: There are 78 unconstrained endpoints.
  dac[0]
  dac[10]
  dac[11]
  dac[1]
  dac[2]
  dac[3]
  dac[4]
  dac[5]
  dac[6]
  dac[7]
  dac[8]
  dac[9]
  dac_rst
  pwr_gate
  sample_and_hold
  _575_/D
  _576_/D
  _588_/D
  _589_/D
  _590_/D
  _591_/D
  _592_/D
  _593_/D
  _594_/D
  _595_/D
  _596_/D
  _597_/D
  _598_/D
  _599_/D
  _600_/D
  _601_/D
  _602_/D
  _603_/D
  _604_/D
  _605_/D
  _606_/D
  _607_/D
  _608_/D
  _609_/D
  _610_/D
  _611_/D
  _614_/D
  _615_/D
  _616_/D
  _617_/D
  _618_/D
  _619_/D
  _620_/D
  _621_/D
  _622_/D
  _623_/D
  _624_/D
  _625_/D
  _626_/D
  _627_/D
  _628_/D
  _629_/D
  _630_/D
  _631_/D
  _632_/D
  _633_/D
  _634_/D
  _635_/D
  _636_/D
  _637_/D
  _638_/D
  _639_/D
  _640_/D
  _641_/D
  _642_/D
  _643_/D
  _644_/D
  _645_/D
  _646_/D
  _647_/D
  _648_/D
  _649_/D
  _677_/D
