
===========================================================================
 report_power
============================================================================
======================= nom_tt_025C_1v80 Corner ===================================

Group                    Internal    Switching      Leakage        Total
                            Power        Power        Power        Power (Watts)
------------------------------------------------------------------------
Sequential           2.260624e-04 1.500897e-05 1.631140e-09 2.410730e-04  87.0%
Combinational        2.045995e-05 1.570896e-05 1.239335e-09 3.617015e-05  13.0%
Clock                0.000000e+00 0.000000e+00 2.786432e-10 2.786432e-10   0.0%
Macro                0.000000e+00 0.000000e+00 0.000000e+00 0.000000e+00   0.0%
Pad                  0.000000e+00 0.000000e+00 0.000000e+00 0.000000e+00   0.0%
------------------------------------------------------------------------
Total                2.465224e-04 3.071794e-05 3.149121e-09 2.772434e-04 100.0%
                            88.9%        11.1%         0.0%
Writing metric power__internal__total: 0.00024652236606925726
Writing metric power__switching__total: 3.071793616982177e-5
Writing metric power__leakage__total: 3.1491214080858754e-9
Writing metric power__total: 0.00027724343817681074

