
===========================================================================
 report_power
============================================================================
======================= nom_tt_025C_1v80 Corner ===================================

Group                    Internal    Switching      Leakage        Total
                            Power        Power        Power        Power (Watts)
------------------------------------------------------------------------
Sequential           4.408404e-05 3.097385e-06 1.843058e-09 4.718327e-05  54.1%
Combinational        4.188198e-06 4.191772e-06 1.623865e-09 8.381593e-06   9.6%
Clock                1.914978e-05 1.250148e-05 4.121536e-10 3.165167e-05  36.3%
Macro                0.000000e+00 0.000000e+00 0.000000e+00 0.000000e+00   0.0%
Pad                  0.000000e+00 0.000000e+00 0.000000e+00 0.000000e+00   0.0%
------------------------------------------------------------------------
Total                6.742202e-05 1.979063e-05 3.879082e-09 8.721653e-05 100.0%
                            77.3%        22.7%         0.0%
Writing metric power__internal__total: 6.742202094756067e-5
Writing metric power__switching__total: 1.979063199541997e-5
Writing metric power__leakage__total: 3.87908150045746e-9
Writing metric power__total: 8.72165328473784e-5

