
===========================================================================
 report_power
============================================================================
======================= max_tt_025C_1v80 Corner ===================================

Group                    Internal    Switching      Leakage        Total
                            Power        Power        Power        Power (Watts)
------------------------------------------------------------------------
Sequential           4.404273e-05 3.705220e-06 1.843058e-09 4.774980e-05  51.0%
Combinational        6.026033e-06 5.508738e-06 1.916429e-09 1.153669e-05  12.3%
Clock                1.921164e-05 1.515857e-05 1.513775e-09 3.437172e-05  36.7%
Macro                0.000000e+00 0.000000e+00 0.000000e+00 0.000000e+00   0.0%
Pad                  0.000000e+00 0.000000e+00 0.000000e+00 0.000000e+00   0.0%
------------------------------------------------------------------------
Total                6.928042e-05 2.437252e-05 5.273256e-09 9.365822e-05 100.0%
                            74.0%        26.0%         0.0%

