
===========================================================================
 report_power
============================================================================
======================= nom_tt_025C_1v80 Corner ===================================

Group                    Internal    Switching      Leakage        Total
                            Power        Power        Power        Power (Watts)
------------------------------------------------------------------------
Sequential           2.202368e-04 1.454975e-05 1.828808e-09 2.347884e-04  52.1%
Combinational        3.169070e-05 2.308469e-05 1.955202e-09 5.477734e-05  12.2%
Clock                8.863425e-05 7.254761e-05 4.269318e-10 1.611823e-04  35.8%
Macro                0.000000e+00 0.000000e+00 0.000000e+00 0.000000e+00   0.0%
Pad                  0.000000e+00 0.000000e+00 0.000000e+00 0.000000e+00   0.0%
------------------------------------------------------------------------
Total                3.405618e-04 1.101821e-04 4.210955e-09 4.507481e-04 100.0%
                            75.6%        24.4%         0.0%
Writing metric power__internal__total: 0.0003405617899261415
Writing metric power__switching__total: 0.00011018205987056717
Writing metric power__leakage__total: 4.21095469604893e-9
Writing metric power__total: 0.0004507480771280825

