┏━━━━━━━━━━━━━━━━━━━━━━┳━━━━━━━━━━┳━━━━━━━━━━┳━━━━━━━━━━┳━━━━━━━━━━┳━━━━━━━━━━━┳━━━━━━━━━━┳━━━━━━━━━━━┳━━━━━━━━━━┳━━━━━━━━━━━┳━━━━━━━━━━┳━━━━━━━━━━━┳━━━━━━━━━━┓
┃                      ┃ Hold     ┃ Reg to   ┃          ┃          ┃ of which  ┃ Setup    ┃           ┃          ┃           ┃ of which ┃           ┃          ┃
┃                      ┃ Worst    ┃ Reg      ┃          ┃ Hold Vio ┃ reg to    ┃ Worst    ┃ Reg to    ┃ Setup    ┃ Setup Vio ┃ reg to   ┃ Max Cap   ┃ Max Slew ┃
┃ Corner/Group         ┃ Slack    ┃ Paths    ┃ Hold TNS ┃ Count    ┃ reg       ┃ Slack    ┃ Reg Paths ┃ TNS      ┃ Count     ┃ reg      ┃ Violatio… ┃ Violati… ┃
┡━━━━━━━━━━━━━━━━━━━━━━╇━━━━━━━━━━╇━━━━━━━━━━╇━━━━━━━━━━╇━━━━━━━━━━╇━━━━━━━━━━━╇━━━━━━━━━━╇━━━━━━━━━━━╇━━━━━━━━━━╇━━━━━━━━━━━╇━━━━━━━━━━╇━━━━━━━━━━━╇━━━━━━━━━━┩
│ Overall              │ 0.0158   │ 0.0158   │ 0.0000   │ 0        │ 0         │ 10.5443  │ 14.3046   │ 0.0000   │ 0         │ 0        │ 1         │ 249      │
│ nom_tt_025C_1v80     │ 0.1601   │ 0.1601   │ 0.0000   │ 0        │ 0         │ 11.2927  │ 17.2627   │ 0.0000   │ 0         │ 0        │ 1         │ 102      │
│ nom_ss_100C_1v60     │ 0.5640   │ 0.5640   │ 0.0000   │ 0        │ 0         │ 10.5443  │ 14.3046   │ 0.0000   │ 0         │ 0        │ 1         │ 249      │
│ nom_ff_n40C_1v95     │ 0.0158   │ 0.0158   │ 0.0000   │ 0        │ 0         │ 11.4318  │ 18.3052   │ 0.0000   │ 0         │ 0        │ 1         │ 102      │
└──────────────────────┴──────────┴──────────┴──────────┴──────────┴───────────┴──────────┴───────────┴──────────┴───────────┴──────────┴───────────┴──────────┘
