
===========================================================================
 report_power
============================================================================
======================= nom_ss_100C_1v60 Corner ===================================

Group                    Internal    Switching      Leakage        Total
                            Power        Power        Power        Power (Watts)
------------------------------------------------------------------------
Sequential           3.386996e-05 2.802971e-06 2.536416e-06 3.920935e-05  50.6%
Combinational        4.816789e-06 4.120563e-06 2.024092e-06 1.096144e-05  14.1%
Clock                1.579046e-05 1.131061e-05 2.089854e-07 2.731005e-05  35.2%
Macro                0.000000e+00 0.000000e+00 0.000000e+00 0.000000e+00   0.0%
Pad                  0.000000e+00 0.000000e+00 0.000000e+00 0.000000e+00   0.0%
------------------------------------------------------------------------
Total                5.447722e-05 1.823414e-05 4.769483e-06 7.748084e-05 100.0%
                            70.3%        23.5%         6.2%

