
===========================================================================
 report_power
============================================================================
======================= max_ff_n40C_1v95 Corner ===================================

Group                    Internal    Switching      Leakage        Total
                            Power        Power        Power        Power (Watts)
------------------------------------------------------------------------
Sequential           5.116345e-05 4.417286e-06 2.293927e-09 5.558303e-05  51.0%
Combinational        6.780062e-06 6.519231e-06 3.652900e-09 1.330295e-05  12.2%
Clock                2.190008e-05 1.815131e-05 2.337297e-09 4.005372e-05  36.8%
Macro                0.000000e+00 0.000000e+00 0.000000e+00 0.000000e+00   0.0%
Pad                  0.000000e+00 0.000000e+00 0.000000e+00 0.000000e+00   0.0%
------------------------------------------------------------------------
Total                7.984361e-05 2.908783e-05 8.284106e-09 1.089397e-04 100.0%
                            73.3%        26.7%         0.0%

