
===========================================================================
 report_power
============================================================================
======================= nom_ff_n40C_1v95 Corner ===================================

Group                    Internal    Switching      Leakage        Total
                            Power        Power        Power        Power (Watts)
------------------------------------------------------------------------
Sequential           2.623108e-04 1.501210e-05 3.003624e-09 2.773259e-04  87.8%
Combinational        2.233690e-05 1.623148e-05 2.736396e-09 3.857112e-05  12.2%
Clock                0.000000e+00 0.000000e+00 0.000000e+00 0.000000e+00   0.0%
Macro                0.000000e+00 0.000000e+00 0.000000e+00 0.000000e+00   0.0%
Pad                  0.000000e+00 0.000000e+00 0.000000e+00 0.000000e+00   0.0%
------------------------------------------------------------------------
Total                2.846478e-04 3.124357e-05 5.740006e-09 3.158971e-04 100.0%
                            90.1%         9.9%         0.0%

