┏━━━━━━━━━━━━━━━━━━━━━━┳━━━━━━━━━━┳━━━━━━━━━━┳━━━━━━━━━━┳━━━━━━━━━━┳━━━━━━━━━━━┳━━━━━━━━━━┳━━━━━━━━━━━┳━━━━━━━━━━┳━━━━━━━━━━━┳━━━━━━━━━━┳━━━━━━━━━━━┳━━━━━━━━━━┓
┃                      ┃ Hold     ┃ Reg to   ┃          ┃          ┃ of which  ┃ Setup    ┃           ┃          ┃           ┃ of which ┃           ┃          ┃
┃                      ┃ Worst    ┃ Reg      ┃          ┃ Hold Vio ┃ reg to    ┃ Worst    ┃ Reg to    ┃ Setup    ┃ Setup Vio ┃ reg to   ┃ Max Cap   ┃ Max Slew ┃
┃ Corner/Group         ┃ Slack    ┃ Paths    ┃ Hold TNS ┃ Count    ┃ reg       ┃ Slack    ┃ Reg Paths ┃ TNS      ┃ Count     ┃ reg      ┃ Violatio… ┃ Violati… ┃
┡━━━━━━━━━━━━━━━━━━━━━━╇━━━━━━━━━━╇━━━━━━━━━━╇━━━━━━━━━━╇━━━━━━━━━━╇━━━━━━━━━━━╇━━━━━━━━━━╇━━━━━━━━━━━╇━━━━━━━━━━╇━━━━━━━━━━━╇━━━━━━━━━━╇━━━━━━━━━━━╇━━━━━━━━━━┩
│ Overall              │ 0.0055   │ 0.0055   │ 0.0000   │ 0        │ 0         │ 59.0025  │ 92.7392   │ 0.0000   │ 0         │ 0        │ 1         │ 272      │
│ nom_tt_025C_1v80     │ 0.1431   │ 0.1431   │ 0.0000   │ 0        │ 0         │ 59.3136  │ 96.7057   │ 0.0000   │ 0         │ 0        │ 1         │ 102      │
│ nom_ss_100C_1v60     │ 0.5319   │ 0.5319   │ 0.0000   │ 0        │ 0         │ 59.0025  │ 92.7392   │ 0.0000   │ 0         │ 0        │ 1         │ 272      │
│ nom_ff_n40C_1v95     │ 0.0055   │ 0.0055   │ 0.0000   │ 0        │ 0         │ 59.4461  │ 97.9723   │ 0.0000   │ 0         │ 0        │ 1         │ 102      │
└──────────────────────┴──────────┴──────────┴──────────┴──────────┴───────────┴──────────┴───────────┴──────────┴───────────┴──────────┴───────────┴──────────┘
