
===========================================================================
 report_power
============================================================================
======================= nom_ff_n40C_1v95 Corner ===================================

Group                    Internal    Switching      Leakage        Total
                            Power        Power        Power        Power (Watts)
------------------------------------------------------------------------
Sequential           5.118214e-05 4.285982e-06 2.293927e-09 5.547042e-05  51.3%
Combinational        6.771930e-06 6.316790e-06 3.652900e-09 1.309237e-05  12.1%
Clock                2.189196e-05 1.758267e-05 2.337297e-09 3.947697e-05  36.5%
Macro                0.000000e+00 0.000000e+00 0.000000e+00 0.000000e+00   0.0%
Pad                  0.000000e+00 0.000000e+00 0.000000e+00 0.000000e+00   0.0%
------------------------------------------------------------------------
Total                7.984602e-05 2.818545e-05 8.284106e-09 1.080398e-04 100.0%
                            73.9%        26.1%         0.0%

