
===========================================================================
 report_power
============================================================================
======================= nom_ss_100C_1v60 Corner ===================================

Group                    Internal    Switching      Leakage        Total
                            Power        Power        Power        Power (Watts)
------------------------------------------------------------------------
Sequential           1.691878e-04 1.334989e-05 2.536527e-06 1.850742e-04  49.9%
Combinational        2.543402e-05 2.079440e-05 2.102582e-06 4.833100e-05  13.0%
Clock                7.293501e-05 6.405567e-05 2.311474e-07 1.372218e-04  37.0%
Macro                0.000000e+00 0.000000e+00 0.000000e+00 0.000000e+00   0.0%
Pad                  0.000000e+00 0.000000e+00 0.000000e+00 0.000000e+00   0.0%
------------------------------------------------------------------------
Total                2.675568e-04 9.819995e-05 4.870245e-06 3.706270e-04 100.0%
                            72.2%        26.5%         1.3%

