
===========================================================================
report_checks -unconstrained
===========================================================================
======================= max_ss_100C_1v60 Corner ===================================

Startpoint: reset_ (input port clocked by sys_clk)
Endpoint: _581_ (recovery check against rising-edge clock sys_clk)
Path Group: asynchronous
Path Type: max

Fanout         Cap        Slew       Delay        Time   Description
---------------------------------------------------------------------------------------------
                                  0.000000    0.000000   clock sys_clk (rise edge)
                                  0.000000    0.000000   clock network delay (propagated)
                                  4.000000    4.000000 ^ input external delay
     1    0.002560    0.030664    0.014562    4.014562 ^ reset_ (in)
                                                         reset_ (net)
                      0.030664    0.000000    4.014562 ^ input4/A (sky130_fd_sc_hd__dlymetal6s2s_1)
     4    0.023661    0.380718    0.365307    4.379869 ^ input4/X (sky130_fd_sc_hd__dlymetal6s2s_1)
                                                         net4 (net)
                      0.380722    0.001045    4.380914 ^ fanout63/A (sky130_fd_sc_hd__buf_2)
     8    0.044160    0.346770    0.527402    4.908317 ^ fanout63/X (sky130_fd_sc_hd__buf_2)
                                                         net63 (net)
                      0.346771    0.001480    4.909796 ^ fanout62/A (sky130_fd_sc_hd__clkbuf_4)
    10    0.050933    0.252625    0.504484    5.414281 ^ fanout62/X (sky130_fd_sc_hd__clkbuf_4)
                                                         net62 (net)
                      0.252626    0.001347    5.415628 ^ fanout61/A (sky130_fd_sc_hd__clkbuf_4)
    10    0.049533    0.246568    0.460651    5.876279 ^ fanout61/X (sky130_fd_sc_hd__clkbuf_4)
                                                         net61 (net)
                      0.246602    0.002928    5.879207 ^ _581_/RESET_B (sky130_fd_sc_hd__dfrtp_2)
                                              5.879207   data arrival time

                                 20.000000   20.000000   clock sys_clk (rise edge)
                                  0.000000   20.000000   clock source latency
     1    0.020232    0.151662    0.103929   20.103930 ^ sys_clk (in)
                                                         sys_clk (net)
                      0.151692    0.000000   20.103930 ^ clkbuf_0_sys_clk/A (sky130_fd_sc_hd__clkbuf_16)
     8    0.091603    0.165037    0.340387   20.444317 ^ clkbuf_0_sys_clk/X (sky130_fd_sc_hd__clkbuf_16)
                                                         clknet_0_sys_clk (net)
                      0.165586    0.006906   20.451223 ^ clkbuf_3_7__f_sys_clk/A (sky130_fd_sc_hd__clkbuf_16)
    14    0.060129    0.120997    0.314733   20.765957 ^ clkbuf_3_7__f_sys_clk/X (sky130_fd_sc_hd__clkbuf_16)
                                                         clknet_3_7__leaf_sys_clk (net)
                      0.121135    0.003572   20.769529 ^ _581_/CLK (sky130_fd_sc_hd__dfrtp_2)
                                 -0.250000   20.519529   clock uncertainty
                                  0.000000   20.519529   clock reconvergence pessimism
                                  0.386429   20.905958   library recovery time
                                             20.905958   data required time
---------------------------------------------------------------------------------------------
                                             20.905958   data required time
                                             -5.879207   data arrival time
---------------------------------------------------------------------------------------------
                                             15.026752   slack (MET)


Startpoint: cs (input port clocked by sys_clk)
Endpoint: _612_ (rising edge-triggered flip-flop clocked by sys_clk)
Path Group: sys_clk
Path Type: max

Fanout         Cap        Slew       Delay        Time   Description
---------------------------------------------------------------------------------------------
                                  0.000000    0.000000   clock sys_clk (rise edge)
                                  0.000000    0.000000   clock network delay (propagated)
                                  4.000000    4.000000 v input external delay
     1    0.002428    0.017048    0.008097    4.008097 v cs (in)
                                                         cs (net)
                      0.017048    0.000000    4.008097 v input2/A (sky130_fd_sc_hd__dlymetal6s2s_1)
     5    0.020800    0.216981    0.384340    4.392437 v input2/X (sky130_fd_sc_hd__dlymetal6s2s_1)
                                                         net2 (net)
                      0.216984    0.001272    4.393710 v _395_/A (sky130_fd_sc_hd__or4b_1)
     1    0.004374    0.199606    1.289360    5.683069 v _395_/X (sky130_fd_sc_hd__or4b_1)
                                                         _201_ (net)
                      0.199606    0.000287    5.683357 v _397_/C (sky130_fd_sc_hd__or4_1)
     2    0.010894    0.276185    1.289035    6.972392 v _397_/X (sky130_fd_sc_hd__or4_1)
                                                         _203_ (net)
                      0.276185    0.000467    6.972859 v _399_/B (sky130_fd_sc_hd__or2_2)
     4    0.022166    0.202578    0.842069    7.814928 v _399_/X (sky130_fd_sc_hd__or2_2)
                                                         _205_ (net)
                      0.202578    0.000976    7.815904 v fanout26/A (sky130_fd_sc_hd__buf_2)
    10    0.042305    0.198026    0.431503    8.247407 v fanout26/X (sky130_fd_sc_hd__buf_2)
                                                         net26 (net)
                      0.198028    0.001092    8.248498 v _402_/A (sky130_fd_sc_hd__nor2_1)
     2    0.011354    0.363097    0.393768    8.642266 ^ _402_/Y (sky130_fd_sc_hd__nor2_1)
                                                         _208_ (net)
                      0.363101    0.001048    8.643313 ^ _454_/S (sky130_fd_sc_hd__mux2_1)
     1    0.002859    0.110655    0.793564    9.436878 v _454_/X (sky130_fd_sc_hd__mux2_1)
                                                         _067_ (net)
                      0.110655    0.000184    9.437062 v hold39/A (sky130_fd_sc_hd__dlygate4sd3_1)
     1    0.002081    0.099673    1.130429   10.567492 v hold39/X (sky130_fd_sc_hd__dlygate4sd3_1)
                                                         net127 (net)
                      0.099673    0.000150   10.567641 v _612_/D (sky130_fd_sc_hd__dfrtp_1)
                                             10.567641   data arrival time

                                 20.000000   20.000000   clock sys_clk (rise edge)
                                  0.000000   20.000000   clock source latency
     1    0.020232    0.151662    0.103929   20.103930 ^ sys_clk (in)
                                                         sys_clk (net)
                      0.151692    0.000000   20.103930 ^ clkbuf_0_sys_clk/A (sky130_fd_sc_hd__clkbuf_16)
     8    0.091603    0.165037    0.340387   20.444317 ^ clkbuf_0_sys_clk/X (sky130_fd_sc_hd__clkbuf_16)
                                                         clknet_0_sys_clk (net)
                      0.165660    0.007441   20.451757 ^ clkbuf_3_0__f_sys_clk/A (sky130_fd_sc_hd__clkbuf_16)
    13    0.051063    0.108529    0.304604   20.756363 ^ clkbuf_3_0__f_sys_clk/X (sky130_fd_sc_hd__clkbuf_16)
                                                         clknet_3_0__leaf_sys_clk (net)
                      0.108615    0.002888   20.759251 ^ _612_/CLK (sky130_fd_sc_hd__dfrtp_1)
                                 -0.250000   20.509253   clock uncertainty
                                  0.000000   20.509253   clock reconvergence pessimism
                                 -0.278640   20.230610   library setup time
                                             20.230610   data required time
---------------------------------------------------------------------------------------------
                                             20.230610   data required time
                                            -10.567641   data arrival time
---------------------------------------------------------------------------------------------
                                              9.662970   slack (MET)




===========================================================================
report_checks --slack_max -0.01
============================================================================
======================= max_ss_100C_1v60 Corner ===================================

No paths found.


===========================================================================
 report_check_types -max_slew -max_cap -max_fanout -violators
============================================================================
======================= max_ss_100C_1v60 Corner ===================================

max fanout

Pin                                   Limit Fanout  Slack
---------------------------------------------------------
clkbuf_3_5__f_sys_clk/X                  10     20    -10 (VIOLATED)
clkbuf_3_4__f_sys_clk/X                  10     15     -5 (VIOLATED)
clkbuf_3_7__f_sys_clk/X                  10     14     -4 (VIOLATED)
clkbuf_3_0__f_sys_clk/X                  10     13     -3 (VIOLATED)
clkbuf_3_1__f_sys_clk/X                  10     12     -2 (VIOLATED)
clkbuf_3_2__f_sys_clk/X                  10     11        (VIOLATED)
clkbuf_3_3__f_sys_clk/X                  10     11        (VIOLATED)
clkbuf_3_6__f_sys_clk/X                  10     11        (VIOLATED)



===========================================================================
report_parasitic_annotation -report_unannotated
============================================================================
Found 31 unannotated drivers.
 _588__88/HI
 _589__87/HI
 _590__86/HI
 _591__85/HI
 _592__84/HI
 _593__83/HI
 _594__82/HI
 _595__81/HI
 _596__80/HI
 _597__79/HI
 _598__78/HI
 _599__77/HI
 _600__76/HI
 _601__75/HI
 _602__74/HI
 _603__73/HI
 _604__72/HI
 _605__71/HI
 _606__70/HI
 _607__69/HI
 _608__68/HI
 _609__67/HI
 _610__66/HI
 _611__65/HI
 clkload0/Y
 clkload1/Y
 clkload2/Y
 clkload3/Y
 clkload4/Y
 clkload5/Y
 clkload6/Y
Found 0 partially unannotated drivers.

===========================================================================
max slew violation count 0
max fanout violation count 8
max cap violation count 0
============================================================================

===========================================================================
check_setup -verbose -unconstrained_endpoints -multiple_clock -no_clock -no_input_delay -loops -generated_clocks
===========================================================================
Warning: There are 38 unclocked register/latch pins.
  _575_/CLK
  _576_/CLK
  _614_/CLK
  _615_/CLK
  _616_/CLK
  _617_/CLK
  _618_/CLK
  _619_/CLK
  _620_/CLK
  _621_/CLK
  _622_/CLK
  _623_/CLK
  _624_/CLK
  _625_/CLK
  _626_/CLK
  _627_/CLK
  _628_/CLK
  _629_/CLK
  _630_/CLK
  _631_/CLK
  _632_/CLK
  _633_/CLK
  _634_/CLK
  _635_/CLK
  _636_/CLK
  _637_/CLK
  _638_/CLK
  _639_/CLK
  _640_/CLK
  _641_/CLK
  _642_/CLK
  _643_/CLK
  _644_/CLK
  _645_/CLK
  _646_/CLK
  _647_/CLK
  _648_/CLK
  _649_/CLK
Warning: There are 78 unconstrained endpoints.
  dac[0]
  dac[10]
  dac[11]
  dac[1]
  dac[2]
  dac[3]
  dac[4]
  dac[5]
  dac[6]
  dac[7]
  dac[8]
  dac[9]
  dac_rst
  pwr_gate
  sample_and_hold
  _575_/D
  _576_/D
  _588_/D
  _589_/D
  _590_/D
  _591_/D
  _592_/D
  _593_/D
  _594_/D
  _595_/D
  _596_/D
  _597_/D
  _598_/D
  _599_/D
  _600_/D
  _601_/D
  _602_/D
  _603_/D
  _604_/D
  _605_/D
  _606_/D
  _607_/D
  _608_/D
  _609_/D
  _610_/D
  _611_/D
  _614_/D
  _615_/D
  _616_/D
  _617_/D
  _618_/D
  _619_/D
  _620_/D
  _621_/D
  _622_/D
  _623_/D
  _624_/D
  _625_/D
  _626_/D
  _627_/D
  _628_/D
  _629_/D
  _630_/D
  _631_/D
  _632_/D
  _633_/D
  _634_/D
  _635_/D
  _636_/D
  _637_/D
  _638_/D
  _639_/D
  _640_/D
  _641_/D
  _642_/D
  _643_/D
  _644_/D
  _645_/D
  _646_/D
  _647_/D
  _648_/D
  _649_/D
  _677_/D
