
===========================================================================
 report_power
============================================================================
======================= nom_tt_025C_1v80 Corner ===================================

Group                    Internal    Switching      Leakage        Total
                            Power        Power        Power        Power (Watts)
------------------------------------------------------------------------
Sequential           2.227818e-04 1.257586e-05 1.631140e-09 2.353593e-04  87.4%
Combinational        2.039768e-05 1.359097e-05 1.239335e-09 3.398989e-05  12.6%
Clock                0.000000e+00 0.000000e+00 0.000000e+00 0.000000e+00   0.0%
Macro                0.000000e+00 0.000000e+00 0.000000e+00 0.000000e+00   0.0%
Pad                  0.000000e+00 0.000000e+00 0.000000e+00 0.000000e+00   0.0%
------------------------------------------------------------------------
Total                2.431794e-04 2.616683e-05 2.870475e-09 2.693491e-04 100.0%
                            90.3%         9.7%         0.0%

