Clock: sys_clk
Sources: sys_clk 
Generated: no
Virtual: no
Propagated: no
Period: 100.000000

===========================================================================
report_clock_properties
============================================================================
Clock                   Period          Waveform
----------------------------------------------------
sys_clk             100.000000    0.000000 50.000000

===========================================================================
report_clock_latency
============================================================================
Clock sys_clk
rise -> rise
    min     max
0.000000 0.000000 source latency
0.577226         network latency _555_/CLK
        0.732664 network latency _610_/CLK
---------------
0.577226 0.732664 latency
        0.155437 skew

rise -> fall
    min     max
0.000000 0.000000 source latency
0.637115         network latency _610_/CLK
        0.637115 network latency _610_/CLK
---------------
0.637115 0.637115 latency
        0.000000 skew

fall -> fall
    min     max
0.000000 0.000000 source latency
0.278174         network latency _555_/CLK
        0.278174 network latency _555_/CLK
---------------
0.278174 0.278174 latency
        0.000000 skew



===========================================================================
report_clock_min_period
============================================================================
sys_clk period_min = 3.35 fmax = 298.78
