
===========================================================================
 report_power
============================================================================
======================= min_tt_025C_1v80 Corner ===================================

Group                    Internal    Switching      Leakage        Total
                            Power        Power        Power        Power (Watts)
------------------------------------------------------------------------
Sequential           2.201271e-04 1.662626e-05 1.828808e-09 2.367552e-04  51.0%
Combinational        3.175036e-05 2.611056e-05 1.955203e-09 5.786288e-05  12.5%
Clock                8.886979e-05 8.070382e-05 1.479952e-09 1.695751e-04  36.5%
Macro                0.000000e+00 0.000000e+00 0.000000e+00 0.000000e+00   0.0%
Pad                  0.000000e+00 0.000000e+00 0.000000e+00 0.000000e+00   0.0%
------------------------------------------------------------------------
Total                3.407474e-04 1.234407e-04 5.263966e-09 4.641933e-04 100.0%
                            73.4%        26.6%         0.0%

