
===========================================================================
report_checks -unconstrained
===========================================================================
======================= nom_ff_n40C_1v95 Corner ===================================

Startpoint: reset_ (input port clocked by sys_clk)
Endpoint: _557_ (recovery check against rising-edge clock sys_clk)
Path Group: asynchronous
Path Type: max

Fanout         Cap        Slew       Delay        Time   Description
---------------------------------------------------------------------------------------------
                      0.150000    0.000000    0.000000   clock sys_clk (rise edge)
                                  0.000000    0.000000   clock network delay (ideal)
                                  4.000000    4.000000 ^ input external delay
   101    0.363277    1.220466    0.848924    4.848924 ^ reset_ (in)
                                                         reset_ (net)
                      1.220466    0.000000    4.848924 ^ _557_/RESET_B (sky130_fd_sc_hd__dfrtp_2)
                                              4.848924   data arrival time

                      0.150000   20.000000   20.000000   clock sys_clk (rise edge)
                                  0.000000   20.000000   clock network delay (ideal)
                                 -0.250000   19.750002   clock uncertainty
                                  0.000000   19.750002   clock reconvergence pessimism
                                             19.750002 ^ _557_/CLK (sky130_fd_sc_hd__dfrtp_2)
                                 -0.171648   19.578354   library recovery time
                                             19.578354   data required time
---------------------------------------------------------------------------------------------
                                             19.578354   data required time
                                             -4.848924   data arrival time
---------------------------------------------------------------------------------------------
                                             14.729430   slack (MET)


Startpoint: cs (input port clocked by sys_clk)
Endpoint: miso (output port clocked by sys_clk)
Path Group: sys_clk
Path Type: max

Fanout         Cap        Slew       Delay        Time   Description
---------------------------------------------------------------------------------------------
                      0.150000    0.000000    0.000000   clock sys_clk (rise edge)
                                  0.000000    0.000000   clock network delay (ideal)
                                  4.000000    4.000000 v input external delay
     5    0.013310    0.021851    0.013555    4.013556 v cs (in)
                                                         cs (net)
                      0.021851    0.000000    4.013556 v _556_/A (sky130_fd_sc_hd__buf_1)
     1    0.003752    0.022534    0.056287    4.069843 v _556_/X (sky130_fd_sc_hd__buf_1)
                                                         _281_ (net)
                      0.022534    0.000000    4.069843 v _720_/TE_B (sky130_fd_sc_hd__ebufn_2)
     1    0.036285    0.311895    0.248385    4.318228 ^ _720_/Z (sky130_fd_sc_hd__ebufn_2)
                                                         miso (net)
                      0.311895    0.000000    4.318228 ^ miso (out)
                                              4.318228   data arrival time

                      0.150000   20.000000   20.000000   clock sys_clk (rise edge)
                                  0.000000   20.000000   clock network delay (ideal)
                                 -0.250000   19.750002   clock uncertainty
                                  0.000000   19.750002   clock reconvergence pessimism
                                 -4.000000   15.750001   output external delay
                                             15.750001   data required time
---------------------------------------------------------------------------------------------
                                             15.750001   data required time
                                             -4.318228   data arrival time
---------------------------------------------------------------------------------------------
                                             11.431773   slack (MET)




===========================================================================
report_checks --slack_max -0.01
============================================================================
======================= nom_ff_n40C_1v95 Corner ===================================

No paths found.


===========================================================================
 report_check_types -max_slew -max_cap -max_fanout -violators
============================================================================
======================= nom_ff_n40C_1v95 Corner ===================================

max slew

Pin                                        Limit        Slew       Slack
------------------------------------------------------------------------
reset_                                  0.750000    1.220466   -0.470466 (VIOLATED)
_303_/B                                 0.750000    1.220466   -0.470466 (VIOLATED)
_557_/RESET_B                           0.750000    1.220466   -0.470466 (VIOLATED)
_558_/RESET_B                           0.750000    1.220466   -0.470466 (VIOLATED)
_559_/RESET_B                           0.750000    1.220466   -0.470466 (VIOLATED)
_560_/RESET_B                           0.750000    1.220466   -0.470466 (VIOLATED)
_561_/RESET_B                           0.750000    1.220466   -0.470466 (VIOLATED)
_562_/RESET_B                           0.750000    1.220466   -0.470466 (VIOLATED)
_563_/RESET_B                           0.750000    1.220466   -0.470466 (VIOLATED)
_564_/RESET_B                           0.750000    1.220466   -0.470466 (VIOLATED)
_565_/RESET_B                           0.750000    1.220466   -0.470466 (VIOLATED)
_566_/RESET_B                           0.750000    1.220466   -0.470466 (VIOLATED)
_567_/RESET_B                           0.750000    1.220466   -0.470466 (VIOLATED)
_568_/RESET_B                           0.750000    1.220466   -0.470466 (VIOLATED)
_569_/RESET_B                           0.750000    1.220466   -0.470466 (VIOLATED)
_570_/RESET_B                           0.750000    1.220466   -0.470466 (VIOLATED)
_571_/RESET_B                           0.750000    1.220466   -0.470466 (VIOLATED)
_572_/RESET_B                           0.750000    1.220466   -0.470466 (VIOLATED)
_573_/RESET_B                           0.750000    1.220466   -0.470466 (VIOLATED)
_574_/RESET_B                           0.750000    1.220466   -0.470466 (VIOLATED)
_577_/RESET_B                           0.750000    1.220466   -0.470466 (VIOLATED)
_578_/SET_B                             0.750000    1.220466   -0.470466 (VIOLATED)
_579_/RESET_B                           0.750000    1.220466   -0.470466 (VIOLATED)
_580_/RESET_B                           0.750000    1.220466   -0.470466 (VIOLATED)
_581_/RESET_B                           0.750000    1.220466   -0.470466 (VIOLATED)
_582_/RESET_B                           0.750000    1.220466   -0.470466 (VIOLATED)
_583_/RESET_B                           0.750000    1.220466   -0.470466 (VIOLATED)
_584_/RESET_B                           0.750000    1.220466   -0.470466 (VIOLATED)
_585_/RESET_B                           0.750000    1.220466   -0.470466 (VIOLATED)
_586_/RESET_B                           0.750000    1.220466   -0.470466 (VIOLATED)
_587_/RESET_B                           0.750000    1.220466   -0.470466 (VIOLATED)
_588_/RESET_B                           0.750000    1.220466   -0.470466 (VIOLATED)
_589_/RESET_B                           0.750000    1.220466   -0.470466 (VIOLATED)
_590_/RESET_B                           0.750000    1.220466   -0.470466 (VIOLATED)
_591_/RESET_B                           0.750000    1.220466   -0.470466 (VIOLATED)
_592_/RESET_B                           0.750000    1.220466   -0.470466 (VIOLATED)
_593_/RESET_B                           0.750000    1.220466   -0.470466 (VIOLATED)
_594_/RESET_B                           0.750000    1.220466   -0.470466 (VIOLATED)
_595_/RESET_B                           0.750000    1.220466   -0.470466 (VIOLATED)
_596_/RESET_B                           0.750000    1.220466   -0.470466 (VIOLATED)
_597_/RESET_B                           0.750000    1.220466   -0.470466 (VIOLATED)
_598_/RESET_B                           0.750000    1.220466   -0.470466 (VIOLATED)
_599_/RESET_B                           0.750000    1.220466   -0.470466 (VIOLATED)
_600_/RESET_B                           0.750000    1.220466   -0.470466 (VIOLATED)
_601_/RESET_B                           0.750000    1.220466   -0.470466 (VIOLATED)
_602_/RESET_B                           0.750000    1.220466   -0.470466 (VIOLATED)
_603_/RESET_B                           0.750000    1.220466   -0.470466 (VIOLATED)
_604_/RESET_B                           0.750000    1.220466   -0.470466 (VIOLATED)
_605_/RESET_B                           0.750000    1.220466   -0.470466 (VIOLATED)
_606_/RESET_B                           0.750000    1.220466   -0.470466 (VIOLATED)
_607_/RESET_B                           0.750000    1.220466   -0.470466 (VIOLATED)
_608_/RESET_B                           0.750000    1.220466   -0.470466 (VIOLATED)
_609_/RESET_B                           0.750000    1.220466   -0.470466 (VIOLATED)
_610_/RESET_B                           0.750000    1.220466   -0.470466 (VIOLATED)
_611_/RESET_B                           0.750000    1.220466   -0.470466 (VIOLATED)
_612_/RESET_B                           0.750000    1.220466   -0.470466 (VIOLATED)
_613_/RESET_B                           0.750000    1.220466   -0.470466 (VIOLATED)
_650_/RESET_B                           0.750000    1.220466   -0.470466 (VIOLATED)
_651_/RESET_B                           0.750000    1.220466   -0.470466 (VIOLATED)
_652_/RESET_B                           0.750000    1.220466   -0.470466 (VIOLATED)
_653_/RESET_B                           0.750000    1.220466   -0.470466 (VIOLATED)
_654_/RESET_B                           0.750000    1.220466   -0.470466 (VIOLATED)
_655_/RESET_B                           0.750000    1.220466   -0.470466 (VIOLATED)
_656_/RESET_B                           0.750000    1.220466   -0.470466 (VIOLATED)
_657_/RESET_B                           0.750000    1.220466   -0.470466 (VIOLATED)
_658_/RESET_B                           0.750000    1.220466   -0.470466 (VIOLATED)
_659_/RESET_B                           0.750000    1.220466   -0.470466 (VIOLATED)
_660_/RESET_B                           0.750000    1.220466   -0.470466 (VIOLATED)
_661_/RESET_B                           0.750000    1.220466   -0.470466 (VIOLATED)
_662_/RESET_B                           0.750000    1.220466   -0.470466 (VIOLATED)
_663_/RESET_B                           0.750000    1.220466   -0.470466 (VIOLATED)
_664_/RESET_B                           0.750000    1.220466   -0.470466 (VIOLATED)
_665_/RESET_B                           0.750000    1.220466   -0.470466 (VIOLATED)
_666_/RESET_B                           0.750000    1.220466   -0.470466 (VIOLATED)
_667_/RESET_B                           0.750000    1.220466   -0.470466 (VIOLATED)
_668_/RESET_B                           0.750000    1.220466   -0.470466 (VIOLATED)
_669_/RESET_B                           0.750000    1.220466   -0.470466 (VIOLATED)
_670_/RESET_B                           0.750000    1.220466   -0.470466 (VIOLATED)
_671_/RESET_B                           0.750000    1.220466   -0.470466 (VIOLATED)
_672_/RESET_B                           0.750000    1.220466   -0.470466 (VIOLATED)
_673_/RESET_B                           0.750000    1.220466   -0.470466 (VIOLATED)
_674_/RESET_B                           0.750000    1.220466   -0.470466 (VIOLATED)
_675_/RESET_B                           0.750000    1.220466   -0.470466 (VIOLATED)
_676_/RESET_B                           0.750000    1.220466   -0.470466 (VIOLATED)
_677_/RESET_B                           0.750000    1.220466   -0.470466 (VIOLATED)
_678_/RESET_B                           0.750000    1.220466   -0.470466 (VIOLATED)
_679_/RESET_B                           0.750000    1.220466   -0.470466 (VIOLATED)
_680_/RESET_B                           0.750000    1.220466   -0.470466 (VIOLATED)
_681_/RESET_B                           0.750000    1.220466   -0.470466 (VIOLATED)
_682_/RESET_B                           0.750000    1.220466   -0.470466 (VIOLATED)
_683_/RESET_B                           0.750000    1.220466   -0.470466 (VIOLATED)
_684_/RESET_B                           0.750000    1.220466   -0.470466 (VIOLATED)
_685_/RESET_B                           0.750000    1.220466   -0.470466 (VIOLATED)
_686_/RESET_B                           0.750000    1.220466   -0.470466 (VIOLATED)
_687_/RESET_B                           0.750000    1.220466   -0.470466 (VIOLATED)
_688_/RESET_B                           0.750000    1.220466   -0.470466 (VIOLATED)
_689_/RESET_B                           0.750000    1.220466   -0.470466 (VIOLATED)
_690_/RESET_B                           0.750000    1.220466   -0.470466 (VIOLATED)
_691_/RESET_B                           0.750000    1.220466   -0.470466 (VIOLATED)
_692_/RESET_B                           0.750000    1.220466   -0.470466 (VIOLATED)
_693_/RESET_B                           0.750000    1.220466   -0.470466 (VIOLATED)
_694_/RESET_B                           0.750000    1.220466   -0.470466 (VIOLATED)

max fanout

Pin                                   Limit Fanout  Slack
---------------------------------------------------------
reset_                                   10    101    -91 (VIOLATED)
_613_/Q                                  10     39    -29 (VIOLATED)
_299_/X                                  10     38    -28 (VIOLATED)
_303_/X                                  10     38    -28 (VIOLATED)
_666_/Q                                  10     16     -6 (VIOLATED)
_507_/X                                  10     15     -5 (VIOLATED)
_297_/Y                                  10     14     -4 (VIOLATED)
_320_/Y                                  10     14     -4 (VIOLATED)
_300_/Y                                  10     13     -3 (VIOLATED)
_399_/X                                  10     13     -3 (VIOLATED)
comparator                               10     12     -2 (VIOLATED)
_306_/X                                  10     12     -2 (VIOLATED)
_321_/Y                                  10     12     -2 (VIOLATED)
_388_/X                                  10     12     -2 (VIOLATED)
_492_/Y                                  10     12     -2 (VIOLATED)
_387_/X                                  10     11        (VIOLATED)
_389_/Y                                  10     11        (VIOLATED)
_398_/Y                                  10     11        (VIOLATED)

max capacitance

Pin                                        Limit         Cap       Slack
------------------------------------------------------------------------
reset_                                  0.200000    0.363277   -0.163277 (VIOLATED)



===========================================================================
report_parasitic_annotation -report_unannotated
============================================================================
Found 469 unannotated drivers.
 comparator
 cs
 mosi
 reset_
 sck
 sys_clk
 _282_/Y
 _283_/Y
 _284_/Y
 _285_/Y
 _286_/Y
 _287_/Y
 _288_/Y
 _289_/Y
 _290_/Y
 _291_/Y
 _292_/Y
 _293_/Y
 _294_/Y
 _295_/Y
 _296_/X
 _297_/Y
 _298_/Y
 _299_/X
 _300_/Y
 _301_/Y
 _302_/X
 _303_/X
 _304_/Y
 _305_/X
 _306_/X
 _307_/X
 _308_/X
 _309_/X
 _310_/X
 _311_/X
 _312_/X
 _313_/X
 _314_/X
 _315_/X
 _316_/X
 _317_/X
 _318_/X
 _319_/X
 _320_/Y
 _321_/Y
 _322_/X
 _323_/Y
 _324_/X
 _325_/Y
 _326_/X
 _327_/X
 _328_/X
 _329_/X
 _330_/X
 _331_/X
 _332_/X
 _333_/X
 _334_/X
 _335_/X
 _336_/X
 _337_/X
 _338_/X
 _339_/Y
 _340_/X
 _341_/X
 _342_/Y
 _343_/X
 _344_/Y
 _345_/X
 _346_/X
 _347_/X
 _348_/X
 _349_/X
 _350_/X
 _351_/X
 _352_/X
 _353_/X
 _354_/X
 _355_/X
 _356_/X
 _357_/Y
 _358_/X
 _359_/Y
 _360_/X
 _361_/X
 _362_/X
 _363_/X
 _364_/X
 _365_/X
 _366_/X
 _367_/X
 _368_/X
 _369_/X
 _370_/X
 _371_/X
 _372_/X
 _373_/X
 _374_/X
 _375_/X
 _376_/X
 _377_/X
 _378_/X
 _379_/X
 _380_/X
 _381_/X
 _382_/X
 _383_/X
 _384_/X
 _385_/Y
 _386_/Y
 _387_/X
 _388_/X
 _389_/Y
 _390_/Y
 _391_/Y
 _392_/Y
 _393_/Y
 _394_/X
 _395_/X
 _396_/X
 _397_/X
 _398_/Y
 _399_/X
 _400_/X
 _401_/Y
 _402_/Y
 _403_/X
 _404_/X
 _405_/X
 _406_/X
 _407_/X
 _408_/X
 _409_/X
 _410_/X
 _411_/X
 _412_/X
 _413_/X
 _414_/X
 _415_/X
 _416_/X
 _417_/X
 _418_/X
 _419_/X
 _420_/X
 _421_/X
 _422_/X
 _423_/X
 _424_/X
 _425_/X
 _426_/X
 _427_/X
 _428_/X
 _429_/X
 _430_/X
 _431_/X
 _432_/X
 _433_/X
 _434_/X
 _435_/X
 _436_/X
 _437_/X
 _438_/X
 _439_/X
 _440_/X
 _441_/X
 _442_/X
 _443_/X
 _444_/X
 _445_/X
 _446_/X
 _447_/X
 _448_/X
 _449_/X
 _450_/X
 _451_/X
 _452_/Y
 _453_/Y
 _454_/X
 _455_/Y
 _456_/X
 _457_/X
 _458_/X
 _459_/X
 _460_/X
 _461_/X
 _462_/X
 _463_/X
 _464_/X
 _465_/X
 _466_/X
 _467_/X
 _468_/X
 _469_/X
 _470_/X
 _471_/X
 _472_/X
 _473_/X
 _474_/X
 _475_/X
 _476_/X
 _477_/X
 _478_/X
 _479_/X
 _480_/X
 _481_/X
 _482_/X
 _483_/X
 _484_/X
 _485_/X
 _486_/X
 _487_/X
 _488_/X
 _489_/X
 _490_/X
 _491_/X
 _492_/Y
 _493_/X
 _494_/X
 _495_/X
 _496_/X
 _497_/X
 _498_/X
 _499_/X
 _500_/X
 _501_/X
 _502_/X
 _503_/X
 _504_/X
 _505_/Y
 _506_/X
 _507_/X
 _508_/X
 _509_/X
 _510_/X
 _511_/X
 _512_/X
 _513_/X
 _514_/X
 _515_/X
 _516_/X
 _517_/X
 _518_/X
 _519_/X
 _520_/X
 _521_/X
 _522_/X
 _523_/X
 _524_/X
 _525_/X
 _526_/X
 _527_/Y
 _528_/X
 _529_/X
 _530_/X
 _531_/Y
 _532_/X
 _533_/X
 _534_/X
 _535_/Y
 _536_/X
 _537_/Y
 _538_/X
 _539_/X
 _540_/X
 _541_/Y
 _542_/X
 _543_/Y
 _544_/Y
 _545_/Y
 _546_/X
 _547_/X
 _548_/X
 _549_/X
 _550_/X
 _551_/X
 _552_/X
 _553_/X
 _554_/X
 _555_/X
 _556_/X
 _557_/Q
 _558_/Q
 _559_/Q
 _560_/Q
 _561_/Q
 _562_/Q
 _563_/Q
 _564_/Q
 _565_/Q
 _566_/Q
 _567_/Q
 _568_/Q
 _569_/Q
 _570_/Q
 _571_/Q
 _572_/Q
 _573_/Q
 _574_/Q
 _575_/Q
 _576_/Q
 _577_/Q
 _578_/Q
 _579_/Q
 _580_/Q
 _581_/Q
 _582_/Q
 _583_/Q
 _584_/Q
 _585_/Q
 _586_/Q
 _587_/Q
 _588_/Q
 _589_/Q
 _590_/Q
 _591_/Q
 _592_/Q
 _593_/Q
 _594_/Q
 _595_/Q
 _596_/Q
 _597_/Q
 _598_/Q
 _599_/Q
 _600_/Q
 _601_/Q
 _602_/Q
 _603_/Q
 _604_/Q
 _605_/Q
 _606_/Q
 _607_/Q
 _608_/Q
 _609_/Q
 _610_/Q
 _611_/Q
 _612_/Q
 _613_/Q
 _614_/Q
 _615_/Q
 _616_/Q
 _617_/Q
 _618_/Q
 _619_/Q
 _620_/Q
 _621_/Q
 _622_/Q
 _623_/Q
 _624_/Q
 _625_/Q
 _626_/Q
 _627_/Q
 _628_/Q
 _629_/Q
 _630_/Q
 _631_/Q
 _632_/Q
 _633_/Q
 _634_/Q
 _635_/Q
 _636_/Q
 _637_/Q
 _638_/Q
 _639_/Q
 _640_/Q
 _641_/Q
 _642_/Q
 _643_/Q
 _644_/Q
 _645_/Q
 _646_/Q
 _647_/Q
 _648_/Q
 _649_/Q
 _650_/Q
 _651_/Q
 _652_/Q
 _653_/Q
 _654_/Q
 _655_/Q
 _656_/Q
 _657_/Q
 _658_/Q
 _659_/Q
 _660_/Q
 _661_/Q
 _662_/Q
 _663_/Q
 _664_/Q
 _665_/Q
 _666_/Q
 _667_/Q
 _668_/Q
 _669_/Q
 _670_/Q
 _671_/Q
 _672_/Q
 _673_/Q
 _674_/Q
 _675_/Q
 _676_/Q
 _677_/Q
 _678_/Q
 _679_/Q
 _680_/Q
 _681_/Q
 _682_/Q
 _683_/Q
 _684_/Q
 _685_/Q
 _686_/Q
 _687_/Q
 _688_/Q
 _689_/Q
 _690_/Q
 _691_/Q
 _692_/Q
 _693_/Q
 _694_/Q
 _695_/HI
 _695_/LO
 _696_/HI
 _696_/LO
 _697_/HI
 _697_/LO
 _698_/HI
 _698_/LO
 _699_/HI
 _699_/LO
 _700_/HI
 _700_/LO
 _701_/HI
 _701_/LO
 _702_/HI
 _702_/LO
 _703_/HI
 _703_/LO
 _704_/HI
 _704_/LO
 _705_/HI
 _705_/LO
 _706_/HI
 _706_/LO
 _707_/HI
 _707_/LO
 _708_/HI
 _708_/LO
 _709_/HI
 _709_/LO
 _710_/HI
 _710_/LO
 _711_/HI
 _711_/LO
 _712_/HI
 _712_/LO
 _713_/HI
 _713_/LO
 _714_/HI
 _714_/LO
 _715_/HI
 _715_/LO
 _716_/HI
 _716_/LO
 _717_/HI
 _717_/LO
 _718_/HI
 _718_/LO
 _719_/X
 _720_/Z
Found 0 partially unannotated drivers.

===========================================================================
max slew violation count 102
max fanout violation count 18
max cap violation count 1
============================================================================

===========================================================================
check_setup -verbose -unconstrained_endpoints -multiple_clock -no_clock -no_input_delay -loops -generated_clocks
===========================================================================
Warning: There are 38 unclocked register/latch pins.
  _575_/CLK
  _576_/CLK
  _614_/CLK
  _615_/CLK
  _616_/CLK
  _617_/CLK
  _618_/CLK
  _619_/CLK
  _620_/CLK
  _621_/CLK
  _622_/CLK
  _623_/CLK
  _624_/CLK
  _625_/CLK
  _626_/CLK
  _627_/CLK
  _628_/CLK
  _629_/CLK
  _630_/CLK
  _631_/CLK
  _632_/CLK
  _633_/CLK
  _634_/CLK
  _635_/CLK
  _636_/CLK
  _637_/CLK
  _638_/CLK
  _639_/CLK
  _640_/CLK
  _641_/CLK
  _642_/CLK
  _643_/CLK
  _644_/CLK
  _645_/CLK
  _646_/CLK
  _647_/CLK
  _648_/CLK
  _649_/CLK
Warning: There are 78 unconstrained endpoints.
  dac[0]
  dac[10]
  dac[11]
  dac[1]
  dac[2]
  dac[3]
  dac[4]
  dac[5]
  dac[6]
  dac[7]
  dac[8]
  dac[9]
  dac_rst
  pwr_gate
  sample_and_hold
  _575_/D
  _576_/D
  _588_/D
  _589_/D
  _590_/D
  _591_/D
  _592_/D
  _593_/D
  _594_/D
  _595_/D
  _596_/D
  _597_/D
  _598_/D
  _599_/D
  _600_/D
  _601_/D
  _602_/D
  _603_/D
  _604_/D
  _605_/D
  _606_/D
  _607_/D
  _608_/D
  _609_/D
  _610_/D
  _611_/D
  _614_/D
  _615_/D
  _616_/D
  _617_/D
  _618_/D
  _619_/D
  _620_/D
  _621_/D
  _622_/D
  _623_/D
  _624_/D
  _625_/D
  _626_/D
  _627_/D
  _628_/D
  _629_/D
  _630_/D
  _631_/D
  _632_/D
  _633_/D
  _634_/D
  _635_/D
  _636_/D
  _637_/D
  _638_/D
  _639_/D
  _640_/D
  _641_/D
  _642_/D
  _643_/D
  _644_/D
  _645_/D
  _646_/D
  _647_/D
  _648_/D
  _649_/D
  _677_/D
