
===========================================================================
 report_power
============================================================================
======================= nom_ss_100C_1v60 Corner ===================================

Group                    Internal    Switching      Leakage        Total
                            Power        Power        Power        Power (Watts)
------------------------------------------------------------------------
Sequential           1.708716e-04 9.807579e-06 2.619863e-06 1.832991e-04  86.6%
Combinational        1.641533e-05 1.052981e-05 1.493674e-06 2.843882e-05  13.4%
Clock                0.000000e+00 0.000000e+00 0.000000e+00 0.000000e+00   0.0%
Macro                0.000000e+00 0.000000e+00 0.000000e+00 0.000000e+00   0.0%
Pad                  0.000000e+00 0.000000e+00 0.000000e+00 0.000000e+00   0.0%
------------------------------------------------------------------------
Total                1.872870e-04 2.033739e-05 4.113539e-06 2.117379e-04 100.0%
                            88.5%         9.6%         1.9%

