
===========================================================================
 report_power
============================================================================
======================= min_ff_n40C_1v95 Corner ===================================

Group                    Internal    Switching      Leakage        Total
                            Power        Power        Power        Power (Watts)
------------------------------------------------------------------------
Sequential           5.119561e-05 4.151334e-06 2.293927e-09 5.534924e-05  51.7%
Combinational        6.762891e-06 6.113639e-06 3.652900e-09 1.288018e-05  12.0%
Clock                2.188532e-05 1.703390e-05 2.337297e-09 3.892156e-05  36.3%
Macro                0.000000e+00 0.000000e+00 0.000000e+00 0.000000e+00   0.0%
Pad                  0.000000e+00 0.000000e+00 0.000000e+00 0.000000e+00   0.0%
------------------------------------------------------------------------
Total                7.984382e-05 2.729887e-05 8.284106e-09 1.071510e-04 100.0%
                            74.5%        25.5%         0.0%

