
===========================================================================
 report_power
============================================================================
======================= nom_ff_n40C_1v95 Corner ===================================

Group                    Internal    Switching      Leakage        Total
                            Power        Power        Power        Power (Watts)
------------------------------------------------------------------------
Sequential           5.234206e-05 3.040509e-06 3.032457e-09 5.538561e-05  87.5%
Combinational        4.351447e-06 3.561726e-06 2.998537e-09 7.916172e-06  12.5%
Clock                0.000000e+00 0.000000e+00 0.000000e+00 0.000000e+00   0.0%
Macro                0.000000e+00 0.000000e+00 0.000000e+00 0.000000e+00   0.0%
Pad                  0.000000e+00 0.000000e+00 0.000000e+00 0.000000e+00   0.0%
------------------------------------------------------------------------
Total                5.669351e-05 6.602233e-06 6.030974e-09 6.330178e-05 100.0%
                            89.6%        10.4%         0.0%

