
===========================================================================
 report_power
============================================================================
======================= nom_tt_025C_1v80 Corner ===================================

Group                    Internal    Switching      Leakage        Total
                            Power        Power        Power        Power (Watts)
------------------------------------------------------------------------
Sequential           2.201602e-04 1.641462e-05 1.828808e-09 2.365767e-04  51.4%
Combinational        3.183440e-05 2.575010e-05 1.955202e-09 5.758645e-05  12.5%
Clock                8.882349e-05 7.758315e-05 4.269318e-10 1.664071e-04  36.1%
Macro                0.000000e+00 0.000000e+00 0.000000e+00 0.000000e+00   0.0%
Pad                  0.000000e+00 0.000000e+00 0.000000e+00 0.000000e+00   0.0%
------------------------------------------------------------------------
Total                3.408181e-04 1.197478e-04 4.210955e-09 4.605702e-04 100.0%
                            74.0%        26.0%         0.0%
Writing metric power__internal__total: 0.0003408181364648044
Writing metric power__switching__total: 0.00011974784865742549
Writing metric power__leakage__total: 4.21095469604893e-9
Writing metric power__total: 0.00046057021245360374

