
===========================================================================
 report_power
============================================================================
======================= nom_ss_100C_1v60 Corner ===================================

Group                    Internal    Switching      Leakage        Total
                            Power        Power        Power        Power (Watts)
------------------------------------------------------------------------
Sequential           3.408710e-05 1.982506e-06 2.618877e-06 3.868849e-05  85.0%
Combinational        3.147439e-06 2.316985e-06 1.384782e-06 6.849206e-06  15.0%
Clock                0.000000e+00 0.000000e+00 0.000000e+00 0.000000e+00   0.0%
Macro                0.000000e+00 0.000000e+00 0.000000e+00 0.000000e+00   0.0%
Pad                  0.000000e+00 0.000000e+00 0.000000e+00 0.000000e+00   0.0%
------------------------------------------------------------------------
Total                3.723455e-05 4.299491e-06 4.003658e-06 4.553770e-05 100.0%
                            81.8%         9.4%         8.8%

