
===========================================================================
report_checks -unconstrained
===========================================================================
======================= min_ss_100C_1v60 Corner ===================================

Startpoint: reset_ (input port clocked by sys_clk)
Endpoint: _581_ (recovery check against rising-edge clock sys_clk)
Path Group: asynchronous
Path Type: max

Fanout         Cap        Slew       Delay        Time   Description
---------------------------------------------------------------------------------------------
                                  0.000000    0.000000   clock sys_clk (rise edge)
                                  0.000000    0.000000   clock network delay (propagated)
                                  4.000000    4.000000 ^ input external delay
     1    0.002459    0.030005    0.013978    4.013978 ^ reset_ (in)
                                                         reset_ (net)
                      0.030005    0.000000    4.013978 ^ input4/A (sky130_fd_sc_hd__dlymetal6s2s_1)
     4    0.020601    0.336613    0.334884    4.348862 ^ input4/X (sky130_fd_sc_hd__dlymetal6s2s_1)
                                                         net4 (net)
                      0.336613    0.000131    4.348992 ^ fanout63/A (sky130_fd_sc_hd__buf_2)
     8    0.040633    0.320128    0.493004    4.841997 ^ fanout63/X (sky130_fd_sc_hd__buf_2)
                                                         net63 (net)
                      0.320128    0.000170    4.842167 ^ fanout62/A (sky130_fd_sc_hd__clkbuf_4)
    10    0.047338    0.237366    0.483522    5.325689 ^ fanout62/X (sky130_fd_sc_hd__clkbuf_4)
                                                         net62 (net)
                      0.237366    0.000166    5.325855 ^ fanout61/A (sky130_fd_sc_hd__clkbuf_4)
    10    0.046679    0.233669    0.445912    5.771766 ^ fanout61/X (sky130_fd_sc_hd__clkbuf_4)
                                                         net61 (net)
                      0.233669    0.000782    5.772548 ^ _581_/RESET_B (sky130_fd_sc_hd__dfrtp_2)
                                              5.772548   data arrival time

                                 20.000000   20.000000   clock sys_clk (rise edge)
                                  0.000000   20.000000   clock source latency
     1    0.018156    0.137214    0.093232   20.093233 ^ sys_clk (in)
                                                         sys_clk (net)
                      0.137224    0.000000   20.093233 ^ clkbuf_0_sys_clk/A (sky130_fd_sc_hd__clkbuf_16)
     8    0.086626    0.157320    0.331401   20.424633 ^ clkbuf_0_sys_clk/X (sky130_fd_sc_hd__clkbuf_16)
                                                         clknet_0_sys_clk (net)
                      0.157337    0.001730   20.426363 ^ clkbuf_3_7__f_sys_clk/A (sky130_fd_sc_hd__clkbuf_16)
    14    0.056213    0.115508    0.308159   20.734522 ^ clkbuf_3_7__f_sys_clk/X (sky130_fd_sc_hd__clkbuf_16)
                                                         clknet_3_7__leaf_sys_clk (net)
                      0.115510    0.000643   20.735165 ^ _581_/CLK (sky130_fd_sc_hd__dfrtp_2)
                                 -0.250000   20.485167   clock uncertainty
                                  0.000000   20.485167   clock reconvergence pessimism
                                  0.390030   20.875195   library recovery time
                                             20.875195   data required time
---------------------------------------------------------------------------------------------
                                             20.875195   data required time
                                             -5.772548   data arrival time
---------------------------------------------------------------------------------------------
                                             15.102647   slack (MET)


Startpoint: cs (input port clocked by sys_clk)
Endpoint: _612_ (rising edge-triggered flip-flop clocked by sys_clk)
Path Group: sys_clk
Path Type: max

Fanout         Cap        Slew       Delay        Time   Description
---------------------------------------------------------------------------------------------
                                  0.000000    0.000000   clock sys_clk (rise edge)
                                  0.000000    0.000000   clock network delay (propagated)
                                  4.000000    4.000000 v input external delay
     1    0.002312    0.016615    0.007685    4.007685 v cs (in)
                                                         cs (net)
                      0.016615    0.000000    4.007685 v input2/A (sky130_fd_sc_hd__dlymetal6s2s_1)
     5    0.018971    0.201512    0.372853    4.380538 v input2/X (sky130_fd_sc_hd__dlymetal6s2s_1)
                                                         net2 (net)
                      0.201512    0.000362    4.380900 v _395_/A (sky130_fd_sc_hd__or4b_1)
     1    0.003840    0.190399    1.270283    5.651182 v _395_/X (sky130_fd_sc_hd__or4b_1)
                                                         _201_ (net)
                      0.190399    0.000065    5.651247 v _397_/C (sky130_fd_sc_hd__or4_1)
     2    0.010037    0.264424    1.272002    6.923249 v _397_/X (sky130_fd_sc_hd__or4_1)
                                                         _203_ (net)
                      0.264424    0.000162    6.923410 v _399_/B (sky130_fd_sc_hd__or2_2)
     4    0.019499    0.192906    0.825340    7.748750 v _399_/X (sky130_fd_sc_hd__or2_2)
                                                         _205_ (net)
                      0.192906    0.000123    7.748874 v fanout26/A (sky130_fd_sc_hd__buf_2)
    10    0.038435    0.182645    0.416715    8.165588 v fanout26/X (sky130_fd_sc_hd__buf_2)
                                                         net26 (net)
                      0.182645    0.000110    8.165699 v _402_/A (sky130_fd_sc_hd__nor2_1)
     2    0.010347    0.335181    0.367725    8.533424 ^ _402_/Y (sky130_fd_sc_hd__nor2_1)
                                                         _208_ (net)
                      0.335181    0.000232    8.533656 ^ _454_/S (sky130_fd_sc_hd__mux2_1)
     1    0.002610    0.108122    0.781892    9.315548 v _454_/X (sky130_fd_sc_hd__mux2_1)
                                                         _067_ (net)
                      0.108122    0.000031    9.315578 v hold39/A (sky130_fd_sc_hd__dlygate4sd3_1)
     1    0.002026    0.101077    1.128309   10.443888 v hold39/X (sky130_fd_sc_hd__dlygate4sd3_1)
                                                         net127 (net)
                      0.101077    0.000016   10.443904 v _612_/D (sky130_fd_sc_hd__dfrtp_1)
                                             10.443904   data arrival time

                                 20.000000   20.000000   clock sys_clk (rise edge)
                                  0.000000   20.000000   clock source latency
     1    0.018156    0.137214    0.093232   20.093233 ^ sys_clk (in)
                                                         sys_clk (net)
                      0.137224    0.000000   20.093233 ^ clkbuf_0_sys_clk/A (sky130_fd_sc_hd__clkbuf_16)
     8    0.086626    0.157320    0.331401   20.424633 ^ clkbuf_0_sys_clk/X (sky130_fd_sc_hd__clkbuf_16)
                                                         clknet_0_sys_clk (net)
                      0.157343    0.001961   20.426594 ^ clkbuf_3_0__f_sys_clk/A (sky130_fd_sc_hd__clkbuf_16)
    13    0.048561    0.105178    0.299638   20.726233 ^ clkbuf_3_0__f_sys_clk/X (sky130_fd_sc_hd__clkbuf_16)
                                                         clknet_3_0__leaf_sys_clk (net)
                      0.105178    0.000382   20.726614 ^ _612_/CLK (sky130_fd_sc_hd__dfrtp_1)
                                 -0.250000   20.476614   clock uncertainty
                                  0.000000   20.476614   clock reconvergence pessimism
                                 -0.280142   20.196472   library setup time
                                             20.196472   data required time
---------------------------------------------------------------------------------------------
                                             20.196472   data required time
                                            -10.443904   data arrival time
---------------------------------------------------------------------------------------------
                                              9.752569   slack (MET)




===========================================================================
report_checks --slack_max -0.01
============================================================================
======================= min_ss_100C_1v60 Corner ===================================

No paths found.


===========================================================================
 report_check_types -max_slew -max_cap -max_fanout -violators
============================================================================
======================= min_ss_100C_1v60 Corner ===================================

max fanout

Pin                                   Limit Fanout  Slack
---------------------------------------------------------
clkbuf_3_5__f_sys_clk/X                  10     20    -10 (VIOLATED)
clkbuf_3_4__f_sys_clk/X                  10     15     -5 (VIOLATED)
clkbuf_3_7__f_sys_clk/X                  10     14     -4 (VIOLATED)
clkbuf_3_0__f_sys_clk/X                  10     13     -3 (VIOLATED)
clkbuf_3_1__f_sys_clk/X                  10     12     -2 (VIOLATED)
clkbuf_3_2__f_sys_clk/X                  10     11        (VIOLATED)
clkbuf_3_3__f_sys_clk/X                  10     11        (VIOLATED)
clkbuf_3_6__f_sys_clk/X                  10     11        (VIOLATED)



===========================================================================
report_parasitic_annotation -report_unannotated
============================================================================
Found 31 unannotated drivers.
 _588__88/HI
 _589__87/HI
 _590__86/HI
 _591__85/HI
 _592__84/HI
 _593__83/HI
 _594__82/HI
 _595__81/HI
 _596__80/HI
 _597__79/HI
 _598__78/HI
 _599__77/HI
 _600__76/HI
 _601__75/HI
 _602__74/HI
 _603__73/HI
 _604__72/HI
 _605__71/HI
 _606__70/HI
 _607__69/HI
 _608__68/HI
 _609__67/HI
 _610__66/HI
 _611__65/HI
 clkload0/Y
 clkload1/Y
 clkload2/Y
 clkload3/Y
 clkload4/Y
 clkload5/Y
 clkload6/Y
Found 0 partially unannotated drivers.

===========================================================================
max slew violation count 0
max fanout violation count 8
max cap violation count 0
============================================================================

===========================================================================
check_setup -verbose -unconstrained_endpoints -multiple_clock -no_clock -no_input_delay -loops -generated_clocks
===========================================================================
Warning: There are 38 unclocked register/latch pins.
  _575_/CLK
  _576_/CLK
  _614_/CLK
  _615_/CLK
  _616_/CLK
  _617_/CLK
  _618_/CLK
  _619_/CLK
  _620_/CLK
  _621_/CLK
  _622_/CLK
  _623_/CLK
  _624_/CLK
  _625_/CLK
  _626_/CLK
  _627_/CLK
  _628_/CLK
  _629_/CLK
  _630_/CLK
  _631_/CLK
  _632_/CLK
  _633_/CLK
  _634_/CLK
  _635_/CLK
  _636_/CLK
  _637_/CLK
  _638_/CLK
  _639_/CLK
  _640_/CLK
  _641_/CLK
  _642_/CLK
  _643_/CLK
  _644_/CLK
  _645_/CLK
  _646_/CLK
  _647_/CLK
  _648_/CLK
  _649_/CLK
Warning: There are 78 unconstrained endpoints.
  dac[0]
  dac[10]
  dac[11]
  dac[1]
  dac[2]
  dac[3]
  dac[4]
  dac[5]
  dac[6]
  dac[7]
  dac[8]
  dac[9]
  dac_rst
  pwr_gate
  sample_and_hold
  _575_/D
  _576_/D
  _588_/D
  _589_/D
  _590_/D
  _591_/D
  _592_/D
  _593_/D
  _594_/D
  _595_/D
  _596_/D
  _597_/D
  _598_/D
  _599_/D
  _600_/D
  _601_/D
  _602_/D
  _603_/D
  _604_/D
  _605_/D
  _606_/D
  _607_/D
  _608_/D
  _609_/D
  _610_/D
  _611_/D
  _614_/D
  _615_/D
  _616_/D
  _617_/D
  _618_/D
  _619_/D
  _620_/D
  _621_/D
  _622_/D
  _623_/D
  _624_/D
  _625_/D
  _626_/D
  _627_/D
  _628_/D
  _629_/D
  _630_/D
  _631_/D
  _632_/D
  _633_/D
  _634_/D
  _635_/D
  _636_/D
  _637_/D
  _638_/D
  _639_/D
  _640_/D
  _641_/D
  _642_/D
  _643_/D
  _644_/D
  _645_/D
  _646_/D
  _647_/D
  _648_/D
  _649_/D
  _677_/D
