
===========================================================================
 report_power
============================================================================
======================= min_ss_100C_1v60 Corner ===================================

Group                    Internal    Switching      Leakage        Total
                            Power        Power        Power        Power (Watts)
------------------------------------------------------------------------
Sequential           1.692006e-04 1.296503e-05 2.536527e-06 1.847021e-04  50.2%
Combinational        2.541804e-05 2.016270e-05 2.102582e-06 4.768332e-05  13.0%
Clock                7.292836e-05 6.231319e-05 2.311474e-07 1.354727e-04  36.8%
Macro                0.000000e+00 0.000000e+00 0.000000e+00 0.000000e+00   0.0%
Pad                  0.000000e+00 0.000000e+00 0.000000e+00 0.000000e+00   0.0%
------------------------------------------------------------------------
Total                2.675470e-04 9.544091e-05 4.870245e-06 3.678581e-04 100.0%
                            72.7%        25.9%         1.3%

