
===========================================================================
 report_power
============================================================================
======================= nom_tt_025C_1v80 Corner ===================================

Group                    Internal    Switching      Leakage        Total
                            Power        Power        Power        Power (Watts)
------------------------------------------------------------------------
Sequential           2.202627e-04 1.497385e-05 1.828808e-09 2.352384e-04  53.5%
Combinational        2.215961e-05 2.119738e-05 1.660728e-09 4.335864e-05   9.9%
Clock                8.863290e-05 7.251618e-05 4.269318e-10 1.611495e-04  36.6%
Macro                0.000000e+00 0.000000e+00 0.000000e+00 0.000000e+00   0.0%
Pad                  0.000000e+00 0.000000e+00 0.000000e+00 0.000000e+00   0.0%
------------------------------------------------------------------------
Total                3.310552e-04 1.086874e-04 3.916473e-09 4.397465e-04 100.0%
                            75.3%        24.7%         0.0%
Writing metric power__internal__total: 0.0003310551983304322
Writing metric power__switching__total: 0.00010868741810554639
Writing metric power__leakage__total: 3.916472923748415e-9
Writing metric power__total: 0.0004397465381771326

